> Task :spotlessJava
> Task :spotlessJavaApply
> Task :spotlessApply
> Task :protobufDummy UP-TO-DATE
> Task :extractIncludeProto UP-TO-DATE
> Task :extractProto UP-TO-DATE
> Task :generateProto UP-TO-DATE
> Task :compileJava
> Task :generateRunningArtifactIdentity
> Task :processProtoResources UP-TO-DATE
> Task :processResources UP-TO-DATE
> Task :classes
> Task :extractIncludeTestProto UP-TO-DATE
> Task :extractTestProto UP-TO-DATE
> Task :generateTestProto NO-SOURCE
> Task :compileTestJava
> Task :processTestProtoResources UP-TO-DATE
> Task :processTestResources UP-TO-DATE
> Task :testClasses
> Task :test

> Task :checkTargetQuotaMessageRecordVectors
Target quota Message record vectors PASS sha256=99893997df03a4d34425fd9637af8314edd82a6fc282bdb2e88f30d88487b26f

> Task :checkstyleTest
> Task :checkstyleMain

BUILD SUCCESSFUL in 23s
18 actionable tasks: 9 executed, 9 up-to-date
Consider enabling configuration cache to speed up this build: https://docs.gradle.org/9.4.1/userguide/configuration_cache_enabling.html
