> Task :spotlessJava
> Task :spotlessJavaApply
> Task :spotlessApply
> Task :protobufDummy UP-TO-DATE
> Task :extractIncludeProto UP-TO-DATE
> Task :extractProto UP-TO-DATE
> Task :generateProto UP-TO-DATE
> Task :compileJava UP-TO-DATE
> Task :generateRunningArtifactIdentity
> Task :processProtoResources UP-TO-DATE
> Task :processResources UP-TO-DATE
> Task :classes UP-TO-DATE
> Task :extractIncludeTestProto UP-TO-DATE
> Task :extractTestProto UP-TO-DATE
> Task :generateTestProto NO-SOURCE
> Task :compileTestJava
> Task :processTestProtoResources UP-TO-DATE
> Task :processTestResources
> Task :testClasses
> Task :test

> Task :checkTargetQuotaPayloadVectors
Target quota payload vectors PASS sha256=cec01f373d11c9a1c46f129eb2d71d8933434011c95962e675480250b2188ccd

> Task :checkstyleTest
> Task :checkstyleMain

BUILD SUCCESSFUL in 26s
18 actionable tasks: 9 executed, 9 up-to-date
Consider enabling configuration cache to speed up this build: https://docs.gradle.org/9.4.1/userguide/configuration_cache_enabling.html
