> Task :spotlessJava
> Task :spotlessJavaApply
> Task :spotlessApply
> Task :protobufDummy UP-TO-DATE
> Task :extractIncludeProto UP-TO-DATE
> Task :extractProto UP-TO-DATE
> Task :generateProto UP-TO-DATE
> Task :compileJava
> Task :generateRunningArtifactIdentity
> Task :processProtoResources UP-TO-DATE
> Task :processResources UP-TO-DATE
> Task :classes
> Task :extractIncludeTestProto UP-TO-DATE
> Task :extractTestProto UP-TO-DATE
> Task :generateTestProto NO-SOURCE
> Task :compileTestJava UP-TO-DATE
> Task :processTestProtoResources UP-TO-DATE
> Task :processTestResources UP-TO-DATE
> Task :testClasses UP-TO-DATE
> Task :test

> Task :checkTargetResultVectors
Target result vectors PASS sha256=77217ecfb063ccc43d0d83237c6d7b1bbd8b2f56e7f2c82dd4e36f457943beb4

> Task :checkstyleTest
> Task :checkstyleMain

BUILD SUCCESSFUL in 23s
18 actionable tasks: 8 executed, 10 up-to-date
Consider enabling configuration cache to speed up this build: https://docs.gradle.org/9.4.1/userguide/configuration_cache_enabling.html
