Wed Oct  7 18:28:22 UTC 2026
6b2c66334a3be9dec2f441ddc125874e93483312
37a17bef17202d5fd6e23282da5fd26d94865484
Compose project: nereus-delay-recovery-loop-1791397702-28330; endpoint: 127.0.0.1:16681
 Image nereus-delay-recovery-loop-1791397702-28330-oxia Building 
#1 [internal] load local bake definitions
#1 reading from stdin 616B done
#1 DONE 0.0s

#2 [internal] load build definition from Dockerfile
#2 transferring dockerfile: 1.34kB done
#2 DONE 0.0s

#3 [internal] load metadata for docker.io/library/golang:1.26-alpine
#3 DONE 3.8s

#4 [internal] load metadata for docker.io/library/alpine:3.22
#4 DONE 4.3s

#5 [internal] load .dockerignore
#5 transferring context: 2B done
#5 DONE 0.0s

#6 [runtime 1/8] FROM docker.io/library/alpine:3.22@sha256:5291449c3df73caf6ed85e649dec1b9e818b39a5d8c871e97afc13e9cd5e8fa8
#6 DONE 0.0s

#7 [build 1/5] FROM docker.io/library/golang:1.26-alpine@sha256:8ac98ca534ac3f51e1f420a1dd2c15e74c75cfa0f23f3ad27eb5d7236c349a0c
#7 DONE 0.0s

#8 [internal] load build context
#8 transferring context: 39.30kB 0.0s done
#8 DONE 0.0s

#9 [runtime 5/8] COPY --from=build /src/oxia/bin/oxia /oxia/bin/oxia
#9 CACHED

#10 [build 4/5] COPY . .
#10 CACHED

#11 [runtime 2/8] RUN apk add --no-cache bash bash-completion jq
#11 CACHED

#12 [build 2/5] RUN apk add --no-cache make git build-base bash
#12 CACHED

#13 [build 5/5] RUN --mount=type=cache,target=/go/pkg/mod     --mount=type=cache,target=/root/.cache/go-build     make
#13 CACHED

#14 [runtime 6/8] COPY --from=build /src/oxia/conf/coordinator.yaml /oxia/conf/coordinator.yaml
#14 CACHED

#15 [runtime 7/8] COPY --from=build /src/oxia/conf/dataserver.yaml /oxia/conf/dataserver.yaml
#15 CACHED

#16 [runtime 3/8] RUN apk upgrade --no-cache
#16 CACHED

#17 [runtime 4/8] WORKDIR /oxia
#17 CACHED

#18 [build 3/5] WORKDIR /src/oxia
#18 CACHED

#19 [runtime 8/8] RUN oxia completion bash > ~/.bashrc
#19 CACHED

#20 exporting to image
#20 exporting layers done
#20 writing image sha256:5a38309ecb7907363f7da435aa002a72349b2d630b463164c31cbd4719daf384 done
#20 naming to docker.io/library/nereus-delay-recovery-loop-1791397702-28330-oxia done
#20 DONE 0.0s

#21 resolving provenance for metadata file
#21 DONE 0.0s
 Image nereus-delay-recovery-loop-1791397702-28330-oxia Built 
 Network nereus-delay-recovery-loop-1791397702-28330_default Creating 
 Network nereus-delay-recovery-loop-1791397702-28330_default Creating 
 Network nereus-delay-recovery-loop-1791397702-28330_default Created 
 Network nereus-delay-recovery-loop-1791397702-28330_default Created 
 Container nereus-delay-recovery-loop-1791397702-28330-oxia-1 Creating 
 Container nereus-delay-recovery-loop-1791397702-28330-oxia-1 Created 
 Container nereus-delay-recovery-loop-1791397702-28330-oxia-1 Starting 
 Container nereus-delay-recovery-loop-1791397702-28330-oxia-1 Started 
sha256:5a38309ecb7907363f7da435aa002a72349b2d630b463164c31cbd4719daf384
To honour the JVM settings for this build a single-use Daemon process will be forked. For more on this, please refer to https://docs.gradle.org/9.4.1/userguide/gradle_daemon.html#sec:disabling_the_daemon in the Gradle documentation.
Daemon will be stopped at the end of the build 
> Task :protobufDummy UP-TO-DATE
> Task :extractIncludeProto UP-TO-DATE
> Task :extractProto UP-TO-DATE
> Task :generateProto UP-TO-DATE
> Task :compileJava UP-TO-DATE
> Task :generateRunningArtifactIdentity
> Task :processProtoResources UP-TO-DATE
> Task :processResources UP-TO-DATE
> Task :classes UP-TO-DATE
> Task :extractIncludeTestProto UP-TO-DATE
> Task :extractTestProto UP-TO-DATE
> Task :generateTestProto NO-SOURCE
> Task :compileTestJava UP-TO-DATE
> Task :processTestProtoResources UP-TO-DATE
> Task :processTestResources UP-TO-DATE
> Task :testClasses UP-TO-DATE
> Task :test
> Task :checkstyleMain UP-TO-DATE
> Task :checkstyleTest UP-TO-DATE

BUILD SUCCESSFUL in 25s
15 actionable tasks: 2 executed, 13 up-to-date
Consider enabling configuration cache to speed up this build: https://docs.gradle.org/9.4.1/userguide/configuration_cache_enabling.html

Final native success: exit 0; one successful real two-session Oxia loop scenario, zero failure/error/skip. Source/history/time/key/credential inputs are explicit fixtures. A later Worker/recovery lock-order-only adjustment and extra local Owner-loss case are verified by final local38, not a repeated native run. Project/image/container/network cleaned. Scope and source/report hashes are in c2-recovery-maintenance-focused.log.
