Native validation receipt started 2026-10-08 Asia/Shanghai, parent fd1e770092574583bece7728876ffed65408f8b0; scoped uncommitted implementation.
Oxia clean source: /Users/liusinan/apps/ideaproject/nereusstream/oxia @ 37a17bef17202d5fd6e23282da5fd26d94865484.
Compose file: e2e/docker-compose.oxia.yml; NEREUS_DELAY_OXIA_E2E_PORT=16681.
Command: NEREUS_DELAY_OXIA_ENDPOINT=127.0.0.1:16681 NEREUS_DELAY_OXIA_NAMESPACE=default GRADLE_USER_HOME=/Users/liusinan/.gradle ./gradlew test --tests 'com.nereusstream.delay.runtime.TargetCommandStoreTest.realOxiaPublishOwnerTakeoverRetainsUncertainBudgetAndBarrier' --tests 'com.nereusstream.delay.runtime.TargetCommandStoreTest.realOxiaLateTargetOutcomeRetainsTerminalDecision' checkstyleMain checkstyleTest --no-daemon --console=plain
Run 1 project nereus-delay-terminal-recovery-1791403371-23336, image sha256:478b9b70a761d3761a5b97664f38dd3ec160ec8cdf6c297c5ac2ae95a3a72ac2: native five late/terminal cases passed, preexisting ordinary takeover failed ShardAdmissionBusyException in manual claimOrdinary concurrent with a live head probe (6 tests, 1 failure). Not PASS.
Run 2 project nereus-delay-terminal-recovery-1791403700-27405, image sha256:93cfbbc446e70ced54d3f917d3a869648070cdeaf381b22ee438e706f5ed9fa0: manual claim gained bounded exact-busy handling, but another manual freezeRecoveryFirstPass hit the same valid concurrent rejection (6 tests, 1 failure). Not PASS.
Both owned environments were removed by EXIT trap, including container/network/image; no unrelated cleanup. Production Shard admission busy guard and all expected credit/Claim/READY/Owner assertions unchanged. The test now retries the whole read-only freeze/credit-wait pair only for exact ShardAdmissionBusyException, awaiting both Shards and enforcing a ten-second retry deadline. These observations justify the final harness fix/rerun and are not hidden or counted as success.
Scope: real Oxia session/Owner lease/CAS/guard and actual Worker/RocksDB/reopen audit/source first result. Terminal/replay transition, Broker evidence and Source/history/key/time/policy providers remain fixtures. No production Broker composition, JVM/new Store/Floor, v3 historical window or post-UNKNOWN evidence resolution proof.
Run 3 project nereus-delay-terminal-recovery-1791403992-31880, image sha256:e11ee14b221174702bcce2b022d800e4655a4bb2c35524ccab8bd692c991ab9e: 6 tests, 1 failure; combined retry repeated an already READY freeze after a later busy claim. The valid freeze-once production guard rejected this. Harness now records successful READY and retries only the remaining claim; no production guard changed. Owned environment cleaned. Not PASS.
Final run 4 project nereus-delay-terminal-recovery-1791404174-35504, image sha256:5abe6b00e2177ca2662b915599202c20f8cf72a0183182d967bc40e2c58700d6: observed BUILD SUCCESSFUL in 54s, native6/6 zero failure/error/skip. Main style up-to-date from successful current runtime check; test style executed and passed.
Tests: ordinary Owner takeover Host loop (10); current terminal PUBLISHED (12); historical PUBLISHED/UNKNOWN (15/17); current terminal/historical Owner takeover Host UNKNOWN recovery (18/19). Final harness preserves READY once, retries only a pending read/credit-wait action for exact busy under a ten-second deadline. All earlier semantic assertions/production busy/freeze-once guards remain.
Owned final container/network/image removed; only unrelated connector remains. Oxia source remains the same locked clean commit above; no server source edits.
Final native XML SHA256: 37aaae2218970d5551784f99a8164932ea34b6ce2299f2821b3378d5d9375858
{
  "src/main/java/com/nereusstream/delay/runtime/TargetPublishAdmissionStore.java": "cd2aa4ebcb019d49b17f20858fe5c59767ddb18bcab36cdb1a7a868dfe6b4934",
  "src/main/java/com/nereusstream/delay/runtime/TargetPublishRecoveryDiscovery.java": "a7627cbe8bf4a64920913bfb65df2027e91119ae9ed70432a1c480bd9534630f",
  "src/main/java/com/nereusstream/delay/store/TargetCheckpointLedgerAudit.java": "f090b3df2e2107a70a9addece179d3586f46825d33a18ef2356e005bc5ecead3",
  "src/test/java/com/nereusstream/delay/runtime/TargetCommandStoreTest.java": "f07d5710817694970d0819e9adec329e51b991c225c263c40f5ba5104580a8b2",
  "src/test/java/com/nereusstream/delay/store/TargetCheckpointRootVerifierTest.java": "61adf14d57f8a7b1a8a0beb325f918f0e853ef9baff0903db3ba127f23b8dc8a"
}
