C4 current-source quota and local claim contract revalidation

Execution source revision: 0677230311f1812d9e943764a7984e9cdce469ed
The preceding commit changed only NDIP-3 evidence and documentation; implementation source hashes below are unchanged from 58bc3529ff1c2f234ab6f4089db75708374b3245.

Command:
./gradlew test --tests com.nereusstream.delay.protocol.TargetQuotaContractTest --tests com.nereusstream.delay.protocol.TargetQuotaLocalClaimTest --tests com.nereusstream.delay.runtime.TargetQuotaGrantStoreTest --console=plain

Result: BUILD SUCCESSFUL. TargetQuotaContractTest: 21 passed, 0 skipped;
TargetQuotaLocalClaimTest: 15 passed, 0 skipped; TargetQuotaGrantStoreTest:
2 passed, 1 skipped. Total: 38 passed, 1 skipped, 0 failures, 0 errors.

The skipped case is realOxiaOwnerTakeoverReopensTargetRootAndCompletesCloseGc;
JUnit reports that NEREUS_DELAY_OXIA_ENDPOINT is not configured. That same target
case passed separately with Dockerized Oxia in
evidence/c4-real-oxia-owner-takeover.log.

SHA-256:
f296a42832b6c0903bc1398d26e87da21c75153d9514a0ddae287bede7566991 src/main/java/com/nereusstream/delay/runtime/TargetQuotaDelta.java
43ba81eacfbbba243c83c9d4ddd776d3169034838f6aa7224e71634081d74d1d src/main/java/com/nereusstream/delay/protocol/TargetQuotaCounter.java
70de1099ad7eb4eedfd5118b72d20bfb86f563473ce0d37bc6f81c59d8071014 src/main/java/com/nereusstream/delay/protocol/TargetQuotaAggregate.java
ebec07a0c2c42f75ce360821702c99fa7ab75354e9d658843eec70dfad750329 src/test/java/com/nereusstream/delay/protocol/TargetQuotaContractTest.java
34a0b7c3a7fde92422036967322db566575f71be405c1424f7cc5a3e76898c90 src/test/java/com/nereusstream/delay/protocol/TargetQuotaLocalClaimTest.java
5b6e2be93f78131eb5f9de49a772698c5eeda17aae29ff918339c5b1cd92e286 src/test/java/com/nereusstream/delay/runtime/TargetQuotaGrantStoreTest.java

Scope: current-source counter, aggregate, and local claim contract validation only.
This does not complete production authority/recovery wiring, migration, or
centralized C4 acceptance. C4 remains IN_PROGRESS.
