To honour the JVM settings for this build a single-use Daemon process will be forked. For more on this, please refer to https://docs.gradle.org/9.4.1/userguide/gradle_daemon.html#sec:disabling_the_daemon in the Gradle documentation.
Daemon will be stopped at the end of the build
> Task :protobufDummy UP-TO-DATE
> Task :extractIncludeProto UP-TO-DATE
> Task :extractProto UP-TO-DATE
> Task :generateProto UP-TO-DATE
> Task :compileJava
> Task :generateRunningArtifactIdentity
> Task :processProtoResources UP-TO-DATE
> Task :processResources
> Task :classes

> Task :checkstyleMain
[ant:checkstyle] [ERROR] /Users/liusinan/apps/ideaproject/nereusstream/nereus-delay/src/main/java/com/nereusstream/delay/store/TargetCheckpointRootVerifier.java:176: 本行字符数 124个，最多：120个。 [LineLength]
[ant:checkstyle] [ERROR] /Users/liusinan/apps/ideaproject/nereusstream/nereus-delay/src/main/java/com/nereusstream/delay/store/TargetCheckpointCandidateWorkClassExecutor.java:98: 本行字符数 126个，最多：120个。 [LineLength]
[ant:checkstyle] [ERROR] /Users/liusinan/apps/ideaproject/nereusstream/nereus-delay/src/main/java/com/nereusstream/delay/store/TargetCheckpointCandidateWorkClassExecutor.java:101: 本行字符数 127个，最多：120个。 [LineLength]
[ant:checkstyle] [ERROR] /Users/liusinan/apps/ideaproject/nereusstream/nereus-delay/src/main/java/com/nereusstream/delay/store/ShardStore.java:2923: 本行字符数 122个，最多：120个。 [LineLength]
[ant:checkstyle] [ERROR] /Users/liusinan/apps/ideaproject/nereusstream/nereus-delay/src/main/java/com/nereusstream/delay/store/ShardStore.java:2941: 本行字符数 122个，最多：120个。 [LineLength]

> Task :checkstyleMain FAILED

FAILURE: Build failed with an exception.

* What went wrong:
Execution failed for task ':checkstyleMain'.
> A failure occurred while executing org.gradle.api.plugins.quality.internal.CheckstyleAction
   > Checkstyle rule violations were found. See the report at: file:///Users/liusinan/apps/ideaproject/nereusstream/nereus-delay/build/reports/checkstyle/main.html
     Checkstyle files with violations: 3
     Checkstyle violations by severity: [error:5]


* Try:
> Run with --scan to get full insights from a Build Scan (powered by Develocity).

BUILD FAILED in 33s
8 actionable tasks: 4 executed, 4 up-to-date
To honour the JVM settings for this build a single-use Daemon process will be forked. For more on this, please refer to https://docs.gradle.org/9.4.1/userguide/gradle_daemon.html#sec:disabling_the_daemon in the Gradle documentation.
Daemon will be stopped at the end of the build
> Task :protobufDummy UP-TO-DATE
> Task :extractIncludeProto UP-TO-DATE
> Task :extractProto UP-TO-DATE
> Task :generateProto UP-TO-DATE
> Task :compileJava
> Task :generateRunningArtifactIdentity
> Task :processProtoResources UP-TO-DATE
> Task :processResources UP-TO-DATE
> Task :classes

> Task :checkstyleMain
[ant:checkstyle] [ERROR] /Users/liusinan/apps/ideaproject/nereusstream/nereus-delay/src/main/java/com/nereusstream/delay/ownership/TargetWorkerShardRuntime.java:586: 本行字符数 121个，最多：120个。 [LineLength]
[ant:checkstyle] [ERROR] /Users/liusinan/apps/ideaproject/nereusstream/nereus-delay/src/main/java/com/nereusstream/delay/ownership/TargetWorkerShardRuntime.java:588: 本行字符数 123个，最多：120个。 [LineLength]
[ant:checkstyle] [ERROR] /Users/liusinan/apps/ideaproject/nereusstream/nereus-delay/src/main/java/com/nereusstream/delay/store/TargetCheckpointRootVerifier.java:176: 本行字符数 124个，最多：120个。 [LineLength]
[ant:checkstyle] [ERROR] /Users/liusinan/apps/ideaproject/nereusstream/nereus-delay/src/main/java/com/nereusstream/delay/store/TargetCheckpointCandidateWorkClassExecutor.java:98: 本行字符数 126个，最多：120个。 [LineLength]
[ant:checkstyle] [ERROR] /Users/liusinan/apps/ideaproject/nereusstream/nereus-delay/src/main/java/com/nereusstream/delay/store/TargetCheckpointCandidateWorkClassExecutor.java:101: 本行字符数 127个，最多：120个。 [LineLength]
[ant:checkstyle] [ERROR] /Users/liusinan/apps/ideaproject/nereusstream/nereus-delay/src/main/java/com/nereusstream/delay/store/ShardStore.java:2923: 本行字符数 122个，最多：120个。 [LineLength]
[ant:checkstyle] [ERROR] /Users/liusinan/apps/ideaproject/nereusstream/nereus-delay/src/main/java/com/nereusstream/delay/store/ShardStore.java:2941: 本行字符数 122个，最多：120个。 [LineLength]

> Task :checkstyleMain FAILED

FAILURE: Build failed with an exception.

* What went wrong:
Execution failed for task ':checkstyleMain'.
> A failure occurred while executing org.gradle.api.plugins.quality.internal.CheckstyleAction
   > Checkstyle rule violations were found. See the report at: file:///Users/liusinan/apps/ideaproject/nereusstream/nereus-delay/build/reports/checkstyle/main.html
     Checkstyle files with violations: 4
     Checkstyle violations by severity: [error:7]


* Try:
> Run with --scan to get full insights from a Build Scan (powered by Develocity).

BUILD FAILED in 28s
8 actionable tasks: 3 executed, 5 up-to-date
To honour the JVM settings for this build a single-use Daemon process will be forked. For more on this, please refer to https://docs.gradle.org/9.4.1/userguide/gradle_daemon.html#sec:disabling_the_daemon in the Gradle documentation.
Daemon will be stopped at the end of the build
> Task :protobufDummy UP-TO-DATE
> Task :extractIncludeProto UP-TO-DATE
> Task :extractProto UP-TO-DATE
> Task :generateProto UP-TO-DATE
> Task :compileJava
> Task :generateRunningArtifactIdentity
> Task :processProtoResources UP-TO-DATE
> Task :processResources UP-TO-DATE
> Task :classes
> Task :extractIncludeTestProto UP-TO-DATE
> Task :extractTestProto UP-TO-DATE
> Task :generateTestProto NO-SOURCE
> Task :compileTestJava
> Task :processTestProtoResources UP-TO-DATE
> Task :processTestResources UP-TO-DATE
> Task :testClasses

> Task :test FAILED

TargetQuotaGrantStoreTest > signedFirstGrantCommitsAllocationResultAndPositionWhileExternalFailureMakesNoWrite() FAILED
    org.opentest4j.AssertionFailedError at TargetQuotaGrantStoreTest.java:1310

3 tests completed, 1 failed

FAILURE: Build failed with an exception.

* What went wrong:
Execution failed for task ':test'.
> There were failing tests. See the report at: file:///Users/liusinan/apps/ideaproject/nereusstream/nereus-delay/build/reports/tests/test/index.html

* Try:
> Run with --scan to get full insights from a Build Scan (powered by Develocity).

BUILD FAILED in 22s
13 actionable tasks: 4 executed, 9 up-to-date
To honour the JVM settings for this build a single-use Daemon process will be forked. For more on this, please refer to https://docs.gradle.org/9.4.1/userguide/gradle_daemon.html#sec:disabling_the_daemon in the Gradle documentation.
Daemon will be stopped at the end of the build
> Task :protobufDummy UP-TO-DATE
> Task :extractIncludeProto UP-TO-DATE
> Task :extractProto UP-TO-DATE
> Task :generateProto UP-TO-DATE
> Task :compileJava
> Task :generateRunningArtifactIdentity
> Task :processProtoResources UP-TO-DATE
> Task :processResources UP-TO-DATE
> Task :classes
> Task :extractIncludeTestProto UP-TO-DATE
> Task :extractTestProto UP-TO-DATE
> Task :generateTestProto NO-SOURCE
> Task :compileTestJava
> Task :processTestProtoResources UP-TO-DATE
> Task :processTestResources UP-TO-DATE
> Task :testClasses
> Task :test
> Task :checkstyleTest
> Task :checkstyleMain

BUILD SUCCESSFUL in 34s
15 actionable tasks: 6 executed, 9 up-to-date
Consider enabling configuration cache to speed up this build: https://docs.gradle.org/9.4.1/userguide/configuration_cache_enabling.html
To honour the JVM settings for this build a single-use Daemon process will be forked. For more on this, please refer to https://docs.gradle.org/9.4.1/userguide/gradle_daemon.html#sec:disabling_the_daemon in the Gradle documentation.
Daemon will be stopped at the end of the build
> Task :protobufDummy UP-TO-DATE
> Task :extractIncludeProto UP-TO-DATE
> Task :extractProto UP-TO-DATE
> Task :generateProto UP-TO-DATE
> Task :compileJava UP-TO-DATE
> Task :generateRunningArtifactIdentity
> Task :processProtoResources UP-TO-DATE
> Task :processResources UP-TO-DATE
> Task :classes UP-TO-DATE
> Task :extractIncludeRealKafkaProto UP-TO-DATE
> Task :extractRealKafkaProto UP-TO-DATE
> Task :generateRealKafkaProto NO-SOURCE
> Task :compileRealKafka FAILED

FAILURE: Build failed with an exception.

* Where:
Build file '/Users/liusinan/apps/ideaproject/nereusstream/nereus-delay/build.gradle' line: 147

* What went wrong:
Execution failed for task ':compileRealKafka'.
> compileRealKafka requires -PkafkaClientJar=/absolute/path/to/kafka-clients.jar

* Try:
> Run with --stacktrace option to get the stack trace.
> Run with --info or --debug option to get more log output.
> Run with --scan to get full insights from a Build Scan (powered by Develocity).
> Get more help at https://help.gradle.org.

BUILD FAILED in 16s
10 actionable tasks: 2 executed, 8 up-to-date
To honour the JVM settings for this build a single-use Daemon process will be forked. For more on this, please refer to https://docs.gradle.org/9.4.1/userguide/gradle_daemon.html#sec:disabling_the_daemon in the Gradle documentation.
Daemon will be stopped at the end of the build
> Task :protobufDummy UP-TO-DATE
> Task :extractIncludeProto UP-TO-DATE
> Task :extractProto UP-TO-DATE
> Task :generateProto UP-TO-DATE
> Task :compileJava UP-TO-DATE
> Task :generateRunningArtifactIdentity
> Task :processProtoResources UP-TO-DATE
> Task :processResources UP-TO-DATE
> Task :classes UP-TO-DATE
> Task :extractIncludeRealKafkaProto UP-TO-DATE
> Task :extractRealKafkaProto UP-TO-DATE
> Task :generateRealKafkaProto NO-SOURCE
> Task :compileRealKafka
> Task :compileRealKafkaJava SKIPPED
> Task :processRealKafkaProtoResources UP-TO-DATE
> Task :processRealKafkaResources UP-TO-DATE
> Task :realKafkaClasses UP-TO-DATE
> Task :checkstyleRealKafka

BUILD SUCCESSFUL in 19s
13 actionable tasks: 3 executed, 10 up-to-date
Consider enabling configuration cache to speed up this build: https://docs.gradle.org/9.4.1/userguide/configuration_cache_enabling.html
To honour the JVM settings for this build a single-use Daemon process will be forked. For more on this, please refer to https://docs.gradle.org/9.4.1/userguide/gradle_daemon.html#sec:disabling_the_daemon in the Gradle documentation.
Daemon will be stopped at the end of the build
> Task :protobufDummy UP-TO-DATE
> Task :extractIncludeProto UP-TO-DATE
> Task :extractProto UP-TO-DATE
> Task :generateProto UP-TO-DATE
> Task :compileJava UP-TO-DATE
> Task :generateRunningArtifactIdentity
> Task :processProtoResources UP-TO-DATE
> Task :processResources UP-TO-DATE
> Task :classes UP-TO-DATE
> Task :extractIncludeTestProto UP-TO-DATE
> Task :extractTestProto UP-TO-DATE
> Task :generateTestProto NO-SOURCE
> Task :compileTestJava UP-TO-DATE
> Task :processTestProtoResources UP-TO-DATE
> Task :processTestResources UP-TO-DATE
> Task :testClasses UP-TO-DATE
> Task :test
> Task :checkstyleMain UP-TO-DATE
> Task :checkstyleTest UP-TO-DATE

BUILD SUCCESSFUL in 1m 17s
15 actionable tasks: 2 executed, 13 up-to-date
Consider enabling configuration cache to speed up this build: https://docs.gradle.org/9.4.1/userguide/configuration_cache_enabling.html
Parent=a115baec93b8b5f6c51880804be9ad298f1b32fb
source_sha256={"src/main/java/com/nereusstream/delay/store/TargetCheckpointSemanticSnapshotFile.java": "52061692aefce2d04b7abc1f9837034fcadcb205fbbce9253ec205579bb6fb1a", "src/main/java/com/nereusstream/delay/store/TargetCheckpointSemanticSnapshot.java": "550a93d448708b64f645111e3157343d23fef054a3db5f02ae6967c7bc8d4af7", "src/main/java/com/nereusstream/delay/store/TargetCheckpointRootVerifier.java": "9204c788b8e4dee7e3306ef350bba6a6daa421f53de83dc6b5c0d38aa4c19dda", "src/main/java/com/nereusstream/delay/store/TargetCheckpointCandidateWorkClassExecutor.java": "ac175e1bddf08b82493e04ba12bc6c621e1f486b3ca430dee7f84b04fa594ed4", "src/main/java/com/nereusstream/delay/store/ShardStore.java": "2d64a76b54c20d407f2097a3af689365750e29f59f1c6f18315a530c8992f9b9", "src/main/java/com/nereusstream/delay/ownership/TargetSourceApplyRuntime.java": "acd3385cbd3191d73909a0730a7260e447e2ad4839173f4e1f8b91dab033fafe", "src/main/java/com/nereusstream/delay/ownership/TargetWorkerShardRuntime.java": "c06a22029f8239da280b8decdeabd89bb8e9d43ba378502c0630db323e3fc193", "src/main/java/com/nereusstream/delay/ownership/TargetWorkerHostRuntime.java": "0df32f024ff88bc46deb41d2af732530ed06a8b3f30f926b31950f541e9c4831", "src/test/java/com/nereusstream/delay/runtime/TargetQuotaGrantStoreTest.java": "dd34d648cb6127949e5a3fffc42e1440c56809ac0198257390afba94c1e5250b", "src/real-kafka/java/com/nereusstream/delay/transport/KafkaClientArtifactTargetWorkerSourceSmoke.java": "39324299aa2a862e3b40b57663f04d17f837ad40b271c858a6bd121a2403d7c4"}
Final XML {"name": "com.nereusstream.delay.store.TargetCheckpointSemanticSnapshotTest", "tests": "2", "skipped": "0", "failures": "0", "errors": "0", "timestamp": "2026-10-08T17:20:42.825Z", "hostname": "liusinandeMacBook-Pro.local", "time": "0.006"} sha256=77df7bff4d6cd7c7485a0e06eb73c0e6d3ba7aafce71d8ebb3f45a9803245cc6
Final XML {"name": "com.nereusstream.delay.runtime.TargetQuotaGrantStoreTest", "tests": "2", "skipped": "0", "failures": "0", "errors": "0", "timestamp": "2026-10-08T17:20:40.073Z", "hostname": "liusinandeMacBook-Pro.local", "time": "2.752"} sha256=6ca7223eaf4bd40f428981c8a56393869674837b37e512d47e4845bbf2d50543
Final XML {"name": "com.nereusstream.delay.runtime.TargetCommandStoreTest", "tests": "44", "skipped": "0", "failures": "0", "errors": "0", "timestamp": "2026-10-08T17:19:41.502Z", "hostname": "liusinandeMacBook-Pro.local", "time": "58.571"} sha256=995e4f3289ee58a8e279f2680839c9b3ef4ce0cf7d1d8a9716ba178591c2bdf7
Final XML {"name": "com.nereusstream.delay.ownership.TargetWorkerShardFleetRuntimeTest", "tests": "18", "skipped": "0", "failures": "0", "errors": "0", "timestamp": "2026-10-08T17:19:40.792Z", "hostname": "liusinandeMacBook-Pro.local", "time": "0.709"} sha256=7c384f4c376d23beb78b7934891f6911137d487485104aca91a607005c2be4ab
Final focused66 zero failure/error/skip plus main/test style pass.
Command: ./gradlew test --tests com.nereusstream.delay.runtime.TargetQuotaGrantStoreTest.signedFirstGrantCommitsAllocationResultAndPositionWhileExternalFailureMakesNoWrite --tests com.nereusstream.delay.runtime.TargetQuotaGrantStoreTest.membershipIssueAndClosePreserveFirstSourceAndAtomicResults --tests com.nereusstream.delay.runtime.TargetCommandStoreTest.modifiesActualTimelineOrClaimWithHistoryAndFirstResults --tests com.nereusstream.delay.store.TargetCheckpointSemanticSnapshotTest --tests com.nereusstream.delay.ownership.TargetWorkerShardFleetRuntimeTest checkstyleMain checkstyleTest --no-daemon --console=plain
Optional command: ./gradlew compileRealKafka checkstyleRealKafka -PkafkaClientJar=/Users/liusinan/apps/ideaproject/nereusstream/kafka-worktrees/nereus-delay-k1/clients/build/libs/kafka-clients-4.4.0-SNAPSHOT.jar --no-daemon --console=plain

Documentation command: ./gradlew checkDocumentation --no-daemon --console=plain
To honour the JVM settings for this build a single-use Daemon process will be forked. For more on this, please refer to https://docs.gradle.org/9.4.1/userguide/gradle_daemon.html#sec:disabling_the_daemon in the Gradle documentation.
Daemon will be stopped at the end of the build

> Task :testNdip1ImplementationVerifier
..........
----------------------------------------------------------------------
Ran 10 tests in 53.216s

OK

> Task :testNdip1PackageVerifier
..............
----------------------------------------------------------------------
Ran 14 tests in 0.072s

OK

> Task :verifyNdip1HistoricalClosure
proposal=NDIP-1
receipt_status=IMPLEMENTED
lifecycle_authority=true
implementation=CLOSED
lifecycle=CLOSED
certified_commit=b4e077e9978f262cdb93cf3562ea12eee32430e2
runtime_source_sha256=03ce17ede4b9e70e2f70dd2bbef681087f529159549a4cd979d0d7aa34fa9948
runtime_source_files=835
implemented_package_sha256=792ca54e239d884ba6f95315747f565bab57ee0fc02338a77369cb19bbe8e8a7
staging_run=20260901055333-78920
deployment=SEPARATE_FUTURE_WORK
performance_and_scale=SEPARATE_FUTURE_WORK
production_rollout=SEPARATE_FUTURE_WORK
production_authority=false

> Task :verifyNdip1PackageAccepted
proposal=NDIP-1
receipt_status=ACCEPTED
authority=true
package_source_commit=77ffa61136c0cd401244ebea4375a5a18b097b17
file_sha256 70d9dd7c113fa5f457a20a97996322ef9a2018772efd225aa982c13ec4935140 docs/ndip/NDIP-1/01-调查与决策记录.md
file_sha256 c167ed42dd29c383c08a8a102f36b0e4deee8ae5c7a5da115a09d04ffcb9fa6f docs/ndip/NDIP-1/02-NDIP-1-Pulsar-Native-Delivery.md
file_sha256 9affafa81952959d39ed9c09a00abe6b84da4fd3b0b6280422f297684d56f727 docs/ndip/NDIP-1/03-实施计划.md
file_sha256 2a26c107cd69ee522ea138b3487b8ec206e913acc6ad5b862aa69288ddcaa88e docs/ndip/NDIP-1/04-代码级目标设计.md
package_sha256=13caab8ecdc201901f06e905f1c0bf9792780e50c6f5948f93abf2bdb8f4d21b
gate_b=PASS
implementation=AUTHORIZED
local_disposable_testing=AUTHORIZED_WITH_EXACT_ATTESTATION
gate_c=PENDING_DEPLOYMENT
shadow=BLOCKED_BY_GATE_C
enabled=BLOCKED_BY_GATE_C_AND_SHADOW_REQUIREMENTS

> Task :verifyNdip2PackageAccepted
proposal=NDIP-2
receipt_status=ACCEPTED
authority=true
file_sha256 0a105fb2b73d63cabddf42d0ba3d5a9590b4edddd47242495f196bf56d15f642 docs/ndip/NDIP-2/01-NDIP-生命周期与认证源码权威分层.md
file_sha256 c882ecaa32413cb9e177243cf3efe91b97810c3cc10be81e61e7e458030c4ffa docs/ndip/NDIP-2/02-实施计划.md
file_sha256 ec1ba68ab3ac91aa667647e6289cd252b99da84d899f42f879821d6e5d7752e9 docs/ndip/NDIP-2/03-代码级目标设计.md
package_sha256=856e1d768210a31fc9aad811af3a93c1de33189cc03c65bc1e36d57affbf10db
gate_b=PASS
implementation=AUTHORIZED
deployment_authority=false

> Task :checkDocumentation

BUILD SUCCESSFUL in 1m 8s
6 actionable tasks: 6 executed
Consider enabling configuration cache to speed up this build: https://docs.gradle.org/9.4.1/userguide/configuration_cache_enabling.html
