To honour the JVM settings for this build a single-use Daemon process will be forked. For more on this, please refer to https://docs.gradle.org/9.4.1/userguide/gradle_daemon.html#sec:disabling_the_daemon in the Gradle documentation.
Daemon will be stopped at the end of the build
> Task :protobufDummy UP-TO-DATE
> Task :extractIncludeProto UP-TO-DATE
> Task :extractProto UP-TO-DATE
> Task :generateProto UP-TO-DATE
> Task :compileJava
> Task :generateRunningArtifactIdentity
> Task :processProtoResources UP-TO-DATE
> Task :processResources
> Task :classes

> Task :checkstyleMain
[ant:checkstyle] [ERROR] /Users/liusinan/apps/ideaproject/nereusstream/nereus-delay/src/main/java/com/nereusstream/delay/store/TargetCheckpointDependencies.java:136: 本行字符数 122个，最多：120个。 [LineLength]
[ant:checkstyle] [ERROR] /Users/liusinan/apps/ideaproject/nereusstream/nereus-delay/src/main/java/com/nereusstream/delay/store/TargetCheckpointDependencies.java:171: 本行字符数 121个，最多：120个。 [LineLength]
[ant:checkstyle] [ERROR] /Users/liusinan/apps/ideaproject/nereusstream/nereus-delay/src/main/java/com/nereusstream/delay/store/TargetCheckpointDependencies.java:194: 本行字符数 125个，最多：120个。 [LineLength]
[ant:checkstyle] [ERROR] /Users/liusinan/apps/ideaproject/nereusstream/nereus-delay/src/main/java/com/nereusstream/delay/store/TargetCheckpointSemanticSnapshot.java:74: 本行字符数 130个，最多：120个。 [LineLength]
[ant:checkstyle] [ERROR] /Users/liusinan/apps/ideaproject/nereusstream/nereus-delay/src/main/java/com/nereusstream/delay/store/TargetCheckpointSemanticSnapshot.java:84: 本行字符数 124个，最多：120个。 [LineLength]
[ant:checkstyle] [ERROR] /Users/liusinan/apps/ideaproject/nereusstream/nereus-delay/src/main/java/com/nereusstream/delay/store/TargetCheckpointSemanticSnapshot.java:125: 本行字符数 122个，最多：120个。 [LineLength]
[ant:checkstyle] [ERROR] /Users/liusinan/apps/ideaproject/nereusstream/nereus-delay/src/main/java/com/nereusstream/delay/store/TargetCheckpointSemanticSnapshot.java:133: 本行字符数 123个，最多：120个。 [LineLength]
[ant:checkstyle] [ERROR] /Users/liusinan/apps/ideaproject/nereusstream/nereus-delay/src/main/java/com/nereusstream/delay/store/TargetCheckpointSemanticSnapshot.java:143: 本行字符数 124个，最多：120个。 [LineLength]
[ant:checkstyle] [ERROR] /Users/liusinan/apps/ideaproject/nereusstream/nereus-delay/src/main/java/com/nereusstream/delay/store/TargetCheckpointSemanticSnapshot.java:156: 本行字符数 123个，最多：120个。 [LineLength]
[ant:checkstyle] [ERROR] /Users/liusinan/apps/ideaproject/nereusstream/nereus-delay/src/main/java/com/nereusstream/delay/store/TargetCheckpointSemanticSnapshot.java:233: 本行字符数 122个，最多：120个。 [LineLength]
[ant:checkstyle] [ERROR] /Users/liusinan/apps/ideaproject/nereusstream/nereus-delay/src/main/java/com/nereusstream/delay/store/TargetCheckpointSemanticSnapshot.java:239: 本行字符数 122个，最多：120个。 [LineLength]

> Task :checkstyleMain FAILED

FAILURE: Build failed with an exception.

* What went wrong:
Execution failed for task ':checkstyleMain'.
> A failure occurred while executing org.gradle.api.plugins.quality.internal.CheckstyleAction
   > Checkstyle rule violations were found. See the report at: file:///Users/liusinan/apps/ideaproject/nereusstream/nereus-delay/build/reports/checkstyle/main.html
     Checkstyle files with violations: 2
     Checkstyle violations by severity: [error:11]


* Try:
> Run with --scan to get full insights from a Build Scan (powered by Develocity).

BUILD FAILED in 31s
8 actionable tasks: 4 executed, 4 up-to-date
To honour the JVM settings for this build a single-use Daemon process will be forked. For more on this, please refer to https://docs.gradle.org/9.4.1/userguide/gradle_daemon.html#sec:disabling_the_daemon in the Gradle documentation.
Daemon will be stopped at the end of the build
> Task :protobufDummy UP-TO-DATE
> Task :extractIncludeProto UP-TO-DATE
> Task :extractProto UP-TO-DATE
> Task :generateProto UP-TO-DATE
> Task :compileJava
> Task :generateRunningArtifactIdentity
> Task :processProtoResources UP-TO-DATE
> Task :processResources UP-TO-DATE
> Task :classes
> Task :extractIncludeTestProto UP-TO-DATE
> Task :extractTestProto UP-TO-DATE
> Task :generateTestProto NO-SOURCE

> Task :compileTestJava FAILED
/Users/liusinan/apps/ideaproject/nereusstream/nereus-delay/src/test/java/com/nereusstream/delay/store/TargetCheckpointSemanticSnapshotTest.java:129: 错误: 找不到符号
                new DestinationProfileSemantic(AdapterKind.PULSAR, dispatch.physicalResource(), 8,
                                                                           ^
  符号:   方法 physicalResource()
  位置: 类型为TargetDispatchCompatibility的变量 dispatch
1 个错误

[Incubating] Problems report is available at: file:///Users/liusinan/apps/ideaproject/nereusstream/nereus-delay/build/reports/problems/problems-report.html

FAILURE: Build failed with an exception.

* What went wrong:
Execution failed for task ':compileTestJava'.
> Compilation failed; see the compiler output below.
  /Users/liusinan/apps/ideaproject/nereusstream/nereus-delay/src/test/java/com/nereusstream/delay/store/TargetCheckpointSemanticSnapshotTest.java:129: 错误: 找不到符号
                  new DestinationProfileSemantic(AdapterKind.PULSAR, dispatch.physicalResource(), 8,
                                                                             ^
    符号:   方法 physicalResource()
    位置: 类型为TargetDispatchCompatibility的变量 dispatch
  1 个错误

* Try:
> Check your code and dependencies to fix the compilation error(s)
> Run with --scan to get full insights from a Build Scan (powered by Develocity).

BUILD FAILED in 17s
10 actionable tasks: 3 executed, 7 up-to-date
To honour the JVM settings for this build a single-use Daemon process will be forked. For more on this, please refer to https://docs.gradle.org/9.4.1/userguide/gradle_daemon.html#sec:disabling_the_daemon in the Gradle documentation.
Daemon will be stopped at the end of the build
> Task :protobufDummy UP-TO-DATE
> Task :extractIncludeProto UP-TO-DATE
> Task :extractProto UP-TO-DATE
> Task :generateProto UP-TO-DATE
> Task :compileJava UP-TO-DATE
> Task :generateRunningArtifactIdentity
> Task :processProtoResources UP-TO-DATE
> Task :processResources UP-TO-DATE
> Task :classes UP-TO-DATE
> Task :extractIncludeTestProto UP-TO-DATE
> Task :extractTestProto UP-TO-DATE
> Task :generateTestProto NO-SOURCE
> Task :compileTestJava
> Task :processTestProtoResources UP-TO-DATE
> Task :processTestResources UP-TO-DATE
> Task :testClasses
> Task :test

> Task :checkstyleTest
[ant:checkstyle] [ERROR] /Users/liusinan/apps/ideaproject/nereusstream/nereus-delay/src/test/java/com/nereusstream/delay/runtime/TargetQuotaGrantStoreTest.java:1139: 本行字符数 122个，最多：120个。 [LineLength]
[ant:checkstyle] [ERROR] /Users/liusinan/apps/ideaproject/nereusstream/nereus-delay/src/test/java/com/nereusstream/delay/runtime/TargetQuotaGrantStoreTest.java:1140: 本行字符数 121个，最多：120个。 [LineLength]
[ant:checkstyle] [ERROR] /Users/liusinan/apps/ideaproject/nereusstream/nereus-delay/src/test/java/com/nereusstream/delay/store/TargetCheckpointSemanticSnapshotTest.java:103: 本行字符数 122个，最多：120个。 [LineLength]
[ant:checkstyle] [ERROR] /Users/liusinan/apps/ideaproject/nereusstream/nereus-delay/src/test/java/com/nereusstream/delay/store/TargetCheckpointSemanticSnapshotTest.java:137: 本行字符数 125个，最多：120个。 [LineLength]
[ant:checkstyle] [ERROR] /Users/liusinan/apps/ideaproject/nereusstream/nereus-delay/src/test/java/com/nereusstream/delay/store/TargetCheckpointSemanticSnapshotTestBridge.java:17: 本行字符数 124个，最多：120个。 [LineLength]
[ant:checkstyle] [ERROR] /Users/liusinan/apps/ideaproject/nereusstream/nereus-delay/src/test/java/com/nereusstream/delay/store/TargetCheckpointSemanticSnapshotTestBridge.java:25: 本行字符数 121个，最多：120个。 [LineLength]

> Task :checkstyleTest FAILED

> Task :checkstyleMain
[ant:checkstyle] [ERROR] /Users/liusinan/apps/ideaproject/nereusstream/nereus-delay/src/main/java/com/nereusstream/delay/store/TargetCheckpointDependencies.java:171: 本行字符数 121个，最多：120个。 [LineLength]

> Task :checkstyleMain FAILED

FAILURE: Build completed with 2 failures.

1: Task failed with an exception.
-----------
* What went wrong:
Execution failed for task ':checkstyleTest'.
> A failure occurred while executing org.gradle.api.plugins.quality.internal.CheckstyleAction
   > Checkstyle rule violations were found. See the report at: file:///Users/liusinan/apps/ideaproject/nereusstream/nereus-delay/build/reports/checkstyle/test.html
     Checkstyle files with violations: 3
     Checkstyle violations by severity: [error:6]


* Try:
> Run with --scan to get full insights from a Build Scan (powered by Develocity).
==============================================================================

2: Task failed with an exception.
-----------
* What went wrong:
Execution failed for task ':checkstyleMain'.
> A failure occurred while executing org.gradle.api.plugins.quality.internal.CheckstyleAction
   > Checkstyle rule violations were found. See the report at: file:///Users/liusinan/apps/ideaproject/nereusstream/nereus-delay/build/reports/checkstyle/main.html
     Checkstyle files with violations: 1
     Checkstyle violations by severity: [error:1]


* Try:
> Run with --scan to get full insights from a Build Scan (powered by Develocity).
==============================================================================

BUILD FAILED in 1m 32s
15 actionable tasks: 5 executed, 10 up-to-date
To honour the JVM settings for this build a single-use Daemon process will be forked. For more on this, please refer to https://docs.gradle.org/9.4.1/userguide/gradle_daemon.html#sec:disabling_the_daemon in the Gradle documentation.
Daemon will be stopped at the end of the build
> Task :protobufDummy UP-TO-DATE
> Task :extractIncludeProto UP-TO-DATE
> Task :extractProto UP-TO-DATE
> Task :generateProto UP-TO-DATE
> Task :compileJava
> Task :generateRunningArtifactIdentity
> Task :processProtoResources UP-TO-DATE
> Task :processResources UP-TO-DATE
> Task :classes
> Task :extractIncludeTestProto UP-TO-DATE
> Task :extractTestProto UP-TO-DATE
> Task :generateTestProto NO-SOURCE
> Task :compileTestJava
> Task :processTestProtoResources UP-TO-DATE
> Task :processTestResources UP-TO-DATE
> Task :testClasses
> Task :test

> Task :checkstyleTest
[ant:checkstyle] [ERROR] /Users/liusinan/apps/ideaproject/nereusstream/nereus-delay/src/test/java/com/nereusstream/delay/runtime/TargetQuotaGrantStoreTest.java:1140: 本行字符数 121个，最多：120个。 [LineLength]

> Task :checkstyleTest FAILED
> Task :checkstyleMain

FAILURE: Build failed with an exception.

* What went wrong:
Execution failed for task ':checkstyleTest'.
> A failure occurred while executing org.gradle.api.plugins.quality.internal.CheckstyleAction
   > Checkstyle rule violations were found. See the report at: file:///Users/liusinan/apps/ideaproject/nereusstream/nereus-delay/build/reports/checkstyle/test.html
     Checkstyle files with violations: 1
     Checkstyle violations by severity: [error:1]


* Try:
> Run with --scan to get full insights from a Build Scan (powered by Develocity).

BUILD FAILED in 1m 39s
15 actionable tasks: 6 executed, 9 up-to-date
Focused XML {"name": "com.nereusstream.delay.store.TargetCheckpointSemanticSnapshotTest", "tests": "2", "skipped": "0", "failures": "0", "errors": "0", "timestamp": "2026-10-08T16:25:29.752Z", "hostname": "liusinandeMacBook-Pro.local", "time": "0.005"} sha256=17fa4385540849d43ab1d573ef50529658423d2d71d5bd4582e5f88bfcd415ae
Focused XML {"name": "com.nereusstream.delay.runtime.TargetQuotaGrantStoreTest", "tests": "2", "skipped": "0", "failures": "0", "errors": "0", "timestamp": "2026-10-08T16:25:26.955Z", "hostname": "liusinandeMacBook-Pro.local", "time": "2.797"} sha256=1c4dbefd21e0f81b2ec28812228b5c528446fe83402823e1d452f73cb6e46414
Focused XML {"name": "com.nereusstream.delay.runtime.TargetCommandStoreTest", "tests": "44", "skipped": "0", "failures": "0", "errors": "0", "timestamp": "2026-10-08T16:24:27.611Z", "hostname": "liusinandeMacBook-Pro.local", "time": "59.343"} sha256=28599ba7b95072b93d3017296f452a64a01ca7b2d9e184178febaa6307835ad2
Focused48 zero failure/error/skip; subsequent edit only wraps test line1140 for style.
To honour the JVM settings for this build a single-use Daemon process will be forked. For more on this, please refer to https://docs.gradle.org/9.4.1/userguide/gradle_daemon.html#sec:disabling_the_daemon in the Gradle documentation.
Daemon will be stopped at the end of the build
> Task :protobufDummy UP-TO-DATE
> Task :extractIncludeProto UP-TO-DATE
> Task :extractProto UP-TO-DATE
> Task :generateProto UP-TO-DATE
> Task :compileJava UP-TO-DATE
> Task :generateRunningArtifactIdentity
> Task :processProtoResources UP-TO-DATE
> Task :processResources UP-TO-DATE
> Task :classes UP-TO-DATE
> Task :checkstyleMain UP-TO-DATE
> Task :extractIncludeTestProto UP-TO-DATE
> Task :extractTestProto UP-TO-DATE
> Task :generateTestProto NO-SOURCE
> Task :compileTestJava
> Task :processTestProtoResources UP-TO-DATE
> Task :processTestResources UP-TO-DATE
> Task :testClasses
> Task :checkstyleTest

BUILD SUCCESSFUL in 28s
14 actionable tasks: 3 executed, 11 up-to-date
Consider enabling configuration cache to speed up this build: https://docs.gradle.org/9.4.1/userguide/configuration_cache_enabling.html
Final main/test style passed after test line wrapping; behavior48 zero failure/error/skip.
source_sha256={"src/main/java/com/nereusstream/delay/store/TargetCheckpointSemanticSnapshot.java": "15bfb81ce5df740674f6465536372189c1b3531aeb0714c4d8d546536ebaee79", "src/main/java/com/nereusstream/delay/store/TargetCheckpointDependencies.java": "9738e7c523de8e70650ea2db93df53936449d04ab4ee7eb6a0e348cc53abf0ba", "src/main/java/com/nereusstream/delay/store/TargetCheckpointRootVerifier.java": "c45885a1eab367cc393dfb7b54eedb7252f9c229d7a19e1d2aed4a4bfc7e92ff", "src/test/java/com/nereusstream/delay/store/TargetCheckpointSemanticSnapshotTest.java": "1bcbdc987017fbdcddc78bb2535374c66ddc02cc79cb88f8f236cd9126b202d4", "src/test/java/com/nereusstream/delay/store/TargetCheckpointSemanticSnapshotTestBridge.java": "4a18d166d1a9693d68a158bcbc8194fa98399c673e1a54053c412f6b12aefb9f", "src/test/java/com/nereusstream/delay/runtime/TargetCommandStoreTest.java": "ac36a42fecb2dc7550d79a264bfa0412c9cc946315d3396a04ae78898b902c81", "src/test/java/com/nereusstream/delay/runtime/TargetQuotaGrantStoreTest.java": "5101aca6dccf11224b91e845dc917aa4a6808a1a7cec76ab0fc3e375e3654755"}
Command: ./gradlew test --tests com.nereusstream.delay.store.TargetCheckpointSemanticSnapshotTest --tests com.nereusstream.delay.runtime.TargetQuotaGrantStoreTest.signedFirstGrantCommitsAllocationResultAndPositionWhileExternalFailureMakesNoWrite --tests com.nereusstream.delay.runtime.TargetCommandStoreTest.modifiesActualTimelineOrClaimWithHistoryAndFirstResults --tests com.nereusstream.delay.runtime.TargetQuotaGrantStoreTest.membershipIssueAndClosePreserveFirstSourceAndAtomicResults checkstyleMain checkstyleTest --no-daemon --console=plain
Style followup: ./gradlew checkstyleMain checkstyleTest --no-daemon --console=plain
Parent=182d6b681daa04716edbf7198fe3596f9974e41e
source_sha256={"src/main/java/com/nereusstream/delay/store/TargetCheckpointSemanticSnapshot.java": "15bfb81ce5df740674f6465536372189c1b3531aeb0714c4d8d546536ebaee79", "src/main/java/com/nereusstream/delay/store/TargetCheckpointDependencies.java": "9738e7c523de8e70650ea2db93df53936449d04ab4ee7eb6a0e348cc53abf0ba", "src/main/java/com/nereusstream/delay/store/TargetCheckpointRootVerifier.java": "c45885a1eab367cc393dfb7b54eedb7252f9c229d7a19e1d2aed4a4bfc7e92ff", "src/test/java/com/nereusstream/delay/store/TargetCheckpointSemanticSnapshotTest.java": "1bcbdc987017fbdcddc78bb2535374c66ddc02cc79cb88f8f236cd9126b202d4", "src/test/java/com/nereusstream/delay/store/TargetCheckpointSemanticSnapshotTestBridge.java": "4a18d166d1a9693d68a158bcbc8194fa98399c673e1a54053c412f6b12aefb9f", "src/test/java/com/nereusstream/delay/runtime/TargetCommandStoreTest.java": "ac36a42fecb2dc7550d79a264bfa0412c9cc946315d3396a04ae78898b902c81", "src/test/java/com/nereusstream/delay/runtime/TargetQuotaGrantStoreTest.java": "5101aca6dccf11224b91e845dc917aa4a6808a1a7cec76ab0fc3e375e3654755"}

Documentation command: ./gradlew checkDocumentation --no-daemon --console=plain
To honour the JVM settings for this build a single-use Daemon process will be forked. For more on this, please refer to https://docs.gradle.org/9.4.1/userguide/gradle_daemon.html#sec:disabling_the_daemon in the Gradle documentation.
Daemon will be stopped at the end of the build

> Task :testNdip1ImplementationVerifier
..........
----------------------------------------------------------------------
Ran 10 tests in 52.542s

OK

> Task :testNdip1PackageVerifier
..............
----------------------------------------------------------------------
Ran 14 tests in 0.072s

OK

> Task :verifyNdip1HistoricalClosure
proposal=NDIP-1
receipt_status=IMPLEMENTED
lifecycle_authority=true
implementation=CLOSED
lifecycle=CLOSED
certified_commit=b4e077e9978f262cdb93cf3562ea12eee32430e2
runtime_source_sha256=03ce17ede4b9e70e2f70dd2bbef681087f529159549a4cd979d0d7aa34fa9948
runtime_source_files=835
implemented_package_sha256=792ca54e239d884ba6f95315747f565bab57ee0fc02338a77369cb19bbe8e8a7
staging_run=20260901055333-78920
deployment=SEPARATE_FUTURE_WORK
performance_and_scale=SEPARATE_FUTURE_WORK
production_rollout=SEPARATE_FUTURE_WORK
production_authority=false

> Task :verifyNdip1PackageAccepted
proposal=NDIP-1
receipt_status=ACCEPTED
authority=true
package_source_commit=77ffa61136c0cd401244ebea4375a5a18b097b17
file_sha256 70d9dd7c113fa5f457a20a97996322ef9a2018772efd225aa982c13ec4935140 docs/ndip/NDIP-1/01-调查与决策记录.md
file_sha256 c167ed42dd29c383c08a8a102f36b0e4deee8ae5c7a5da115a09d04ffcb9fa6f docs/ndip/NDIP-1/02-NDIP-1-Pulsar-Native-Delivery.md
file_sha256 9affafa81952959d39ed9c09a00abe6b84da4fd3b0b6280422f297684d56f727 docs/ndip/NDIP-1/03-实施计划.md
file_sha256 2a26c107cd69ee522ea138b3487b8ec206e913acc6ad5b862aa69288ddcaa88e docs/ndip/NDIP-1/04-代码级目标设计.md
package_sha256=13caab8ecdc201901f06e905f1c0bf9792780e50c6f5948f93abf2bdb8f4d21b
gate_b=PASS
implementation=AUTHORIZED
local_disposable_testing=AUTHORIZED_WITH_EXACT_ATTESTATION
gate_c=PENDING_DEPLOYMENT
shadow=BLOCKED_BY_GATE_C
enabled=BLOCKED_BY_GATE_C_AND_SHADOW_REQUIREMENTS

> Task :verifyNdip2PackageAccepted
proposal=NDIP-2
receipt_status=ACCEPTED
authority=true
file_sha256 0a105fb2b73d63cabddf42d0ba3d5a9590b4edddd47242495f196bf56d15f642 docs/ndip/NDIP-2/01-NDIP-生命周期与认证源码权威分层.md
file_sha256 c882ecaa32413cb9e177243cf3efe91b97810c3cc10be81e61e7e458030c4ffa docs/ndip/NDIP-2/02-实施计划.md
file_sha256 ec1ba68ab3ac91aa667647e6289cd252b99da84d899f42f879821d6e5d7752e9 docs/ndip/NDIP-2/03-代码级目标设计.md
package_sha256=856e1d768210a31fc9aad811af3a93c1de33189cc03c65bc1e36d57affbf10db
gate_b=PASS
implementation=AUTHORIZED
deployment_authority=false

> Task :checkDocumentation

BUILD SUCCESSFUL in 1m 7s
6 actionable tasks: 6 executed
Consider enabling configuration cache to speed up this build: https://docs.gradle.org/9.4.1/userguide/configuration_cache_enabling.html
