To honour the JVM settings for this build a single-use Daemon process will be forked. For more on this, please refer to https://docs.gradle.org/9.4.1/userguide/gradle_daemon.html#sec:disabling_the_daemon in the Gradle documentation.
Daemon will be stopped at the end of the build
> Task :protobufDummy UP-TO-DATE
> Task :extractIncludeProto UP-TO-DATE
> Task :extractProto UP-TO-DATE
> Task :generateProto UP-TO-DATE
> Task :compileJava
> Task :generateRunningArtifactIdentity
> Task :processProtoResources UP-TO-DATE
> Task :processResources
> Task :classes
> Task :extractIncludeTestProto UP-TO-DATE
> Task :extractTestProto UP-TO-DATE
> Task :generateTestProto NO-SOURCE
> Task :compileTestJava
> Task :processTestProtoResources UP-TO-DATE
> Task :processTestResources UP-TO-DATE
> Task :testClasses
> Task :test

BUILD SUCCESSFUL in 18s
13 actionable tasks: 5 executed, 8 up-to-date
Consider enabling configuration cache to speed up this build: https://docs.gradle.org/9.4.1/userguide/configuration_cache_enabling.html
To honour the JVM settings for this build a single-use Daemon process will be forked. For more on this, please refer to https://docs.gradle.org/9.4.1/userguide/gradle_daemon.html#sec:disabling_the_daemon in the Gradle documentation.
Daemon will be stopped at the end of the build
> Task :protobufDummy UP-TO-DATE
> Task :extractIncludeProto UP-TO-DATE
> Task :extractProto UP-TO-DATE
> Task :generateProto UP-TO-DATE
> Task :compileJava UP-TO-DATE
> Task :generateRunningArtifactIdentity
> Task :processProtoResources UP-TO-DATE
> Task :processResources UP-TO-DATE
> Task :classes UP-TO-DATE
> Task :extractIncludeTestProto UP-TO-DATE
> Task :extractTestProto UP-TO-DATE
> Task :generateTestProto NO-SOURCE

> Task :compileTestJava FAILED
/Users/liusinan/apps/ideaproject/nereusstream/nereus-delay/src/test/java/com/nereusstream/delay/runtime/TargetQuotaGrantStoreTest.java:3305: 错误: 无法将类 TargetStoreBackend.Reader中的方法 first应用到给定类型;
            final var nativeRow = recovered.backend().guardedRead(budget(), reader -> reader.first(
                                                                                            ^
  需要: ColumnFamily,byte[],byte[],List<Edit>
  找到:    ColumnFamily,byte[],byte[]
  原因: 实际参数列表和形式参数列表长度不同
/Users/liusinan/apps/ideaproject/nereusstream/nereus-delay/src/test/java/com/nereusstream/delay/runtime/TargetQuotaGrantStoreTest.java:3308: 错误: 找不到符号
                    TargetValueEnvelope.decode(nativeRow.value(), TargetNativePolicyControlRecord.VALUE_TYPE).payload());
                                                        ^
  符号:   方法 value()
  位置: 类型为Object的变量 nativeRow
/Users/liusinan/apps/ideaproject/nereusstream/nereus-delay/src/test/java/com/nereusstream/delay/runtime/TargetQuotaGrantStoreTest.java:3316: 错误: 找不到符号
            assertEquals(nativeRow.value().length, nativeAfter.length);
                                  ^
  符号:   方法 value()
  位置: 类型为Object的变量 nativeRow
/Users/liusinan/apps/ideaproject/nereusstream/nereus-delay/src/test/java/com/nereusstream/delay/runtime/TargetQuotaGrantStoreTest.java:3317: 错误: 找不到符号
            reopened.write(batch -> batch.put(ColumnFamily.META, nativeRow.key(), nativeAfter));
                                                                          ^
  符号:   方法 key()
  位置: 类型为Object的变量 nativeRow
/Users/liusinan/apps/ideaproject/nereusstream/nereus-delay/src/test/java/com/nereusstream/delay/runtime/TargetQuotaGrantStoreTest.java:3321: 错误: 找不到符号
            reopened.write(batch -> batch.put(ColumnFamily.META, nativeRow.key(), nativeRow.value()));
                                                                          ^
  符号:   方法 key()
  位置: 类型为Object的变量 nativeRow
/Users/liusinan/apps/ideaproject/nereusstream/nereus-delay/src/test/java/com/nereusstream/delay/runtime/TargetQuotaGrantStoreTest.java:3321: 错误: 找不到符号
            reopened.write(batch -> batch.put(ColumnFamily.META, nativeRow.key(), nativeRow.value()));
                                                                                           ^
  符号:   方法 value()
  位置: 类型为Object的变量 nativeRow
6 个错误

[Incubating] Problems report is available at: file:///Users/liusinan/apps/ideaproject/nereusstream/nereus-delay/build/reports/problems/problems-report.html

FAILURE: Build failed with an exception.

* What went wrong:
Execution failed for task ':compileTestJava'.
> Compilation failed; see the compiler output below.
  /Users/liusinan/apps/ideaproject/nereusstream/nereus-delay/src/test/java/com/nereusstream/delay/runtime/TargetQuotaGrantStoreTest.java:3305: 错误: 无法将类 TargetStoreBackend.Reader中的方法 first应用到给定类型;
              final var nativeRow = recovered.backend().guardedRead(budget(), reader -> reader.first(
                                                                                              ^
    需要: ColumnFamily,byte[],byte[],List<Edit>
    找到:    ColumnFamily,byte[],byte[]
    原因: 实际参数列表和形式参数列表长度不同
  /Users/liusinan/apps/ideaproject/nereusstream/nereus-delay/src/test/java/com/nereusstream/delay/runtime/TargetQuotaGrantStoreTest.java:3308: 错误: 找不到符号
                      TargetValueEnvelope.decode(nativeRow.value(), TargetNativePolicyControlRecord.VALUE_TYPE).payload());
                                                          ^
    符号:   方法 value()
    位置: 类型为Object的变量 nativeRow
  /Users/liusinan/apps/ideaproject/nereusstream/nereus-delay/src/test/java/com/nereusstream/delay/runtime/TargetQuotaGrantStoreTest.java:3316: 错误: 找不到符号
              assertEquals(nativeRow.value().length, nativeAfter.length);
                                    ^
    符号:   方法 value()
    位置: 类型为Object的变量 nativeRow
  /Users/liusinan/apps/ideaproject/nereusstream/nereus-delay/src/test/java/com/nereusstream/delay/runtime/TargetQuotaGrantStoreTest.java:3317: 错误: 找不到符号
              reopened.write(batch -> batch.put(ColumnFamily.META, nativeRow.key(), nativeAfter));
                                                                            ^
    符号:   方法 key()
    位置: 类型为Object的变量 nativeRow
  /Users/liusinan/apps/ideaproject/nereusstream/nereus-delay/src/test/java/com/nereusstream/delay/runtime/TargetQuotaGrantStoreTest.java:3321: 错误: 找不到符号
              reopened.write(batch -> batch.put(ColumnFamily.META, nativeRow.key(), nativeRow.value()));
                                                                            ^
    符号:   方法 key()
    位置: 类型为Object的变量 nativeRow
  /Users/liusinan/apps/ideaproject/nereusstream/nereus-delay/src/test/java/com/nereusstream/delay/runtime/TargetQuotaGrantStoreTest.java:3321: 错误: 找不到符号
              reopened.write(batch -> batch.put(ColumnFamily.META, nativeRow.key(), nativeRow.value()));
                                                                                             ^
    符号:   方法 value()
    位置: 类型为Object的变量 nativeRow
  6 个错误

* Try:
> Check your code and dependencies to fix the compilation error(s)
> Run with --scan to get full insights from a Build Scan (powered by Develocity).

BUILD FAILED in 14s
10 actionable tasks: 2 executed, 8 up-to-date
To honour the JVM settings for this build a single-use Daemon process will be forked. For more on this, please refer to https://docs.gradle.org/9.4.1/userguide/gradle_daemon.html#sec:disabling_the_daemon in the Gradle documentation.
Daemon will be stopped at the end of the build
> Task :protobufDummy UP-TO-DATE
> Task :extractIncludeProto UP-TO-DATE
> Task :extractProto UP-TO-DATE
> Task :generateProto UP-TO-DATE
> Task :compileJava
> Task :generateRunningArtifactIdentity
> Task :processProtoResources UP-TO-DATE
> Task :processResources UP-TO-DATE
> Task :classes
> Task :extractIncludeTestProto UP-TO-DATE
> Task :extractTestProto UP-TO-DATE
> Task :generateTestProto NO-SOURCE
> Task :compileTestJava
> Task :processTestProtoResources UP-TO-DATE
> Task :processTestResources UP-TO-DATE
> Task :testClasses
> Task :test

> Task :checkstyleTest
[ant:checkstyle] [ERROR] /Users/liusinan/apps/ideaproject/nereusstream/nereus-delay/src/test/java/com/nereusstream/delay/runtime/TargetQuotaGrantStoreTest.java:3308: 本行字符数 121个，最多：120个。 [LineLength]

> Task :checkstyleTest FAILED
> Task :checkstyleMain

FAILURE: Build failed with an exception.

* What went wrong:
Execution failed for task ':checkstyleTest'.
> A failure occurred while executing org.gradle.api.plugins.quality.internal.CheckstyleAction
   > Checkstyle rule violations were found. See the report at: file:///Users/liusinan/apps/ideaproject/nereusstream/nereus-delay/build/reports/checkstyle/test.html
     Checkstyle files with violations: 1
     Checkstyle violations by severity: [error:1]


* Try:
> Run with --scan to get full insights from a Build Scan (powered by Develocity).

BUILD FAILED in 1m 28s
15 actionable tasks: 6 executed, 9 up-to-date
To honour the JVM settings for this build a single-use Daemon process will be forked. For more on this, please refer to https://docs.gradle.org/9.4.1/userguide/gradle_daemon.html#sec:disabling_the_daemon in the Gradle documentation.
Daemon will be stopped at the end of the build
XML {"name": "com.nereusstream.delay.runtime.TargetCommandStoreTest", "tests": "44", "skipped": "0", "failures": "0", "errors": "0", "timestamp": "2026-10-08T01:58:12.679Z", "hostname": "liusinandeMacBook-Pro.local", "time": "57.957"} sha256=ba5463233fc3c9d96f09780d95a81b2c5ea646e0f817b4d93578170799a58800
XML {"name": "com.nereusstream.delay.runtime.TargetQuotaGrantStoreTest", "tests": "1", "skipped": "0", "failures": "0", "errors": "0", "timestamp": "2026-10-08T01:59:10.637Z", "hostname": "liusinandeMacBook-Pro.local", "time": "0.777"} sha256=c7c0cf83ec2d7890164c8108b118c220ef876316515d22d45826e125dbe88281
XML {"name": "com.nereusstream.delay.store.TargetCheckpointRootVerifierTest", "tests": "3", "skipped": "0", "failures": "0", "errors": "0", "timestamp": "2026-10-08T01:59:11.414Z", "hostname": "liusinandeMacBook-Pro.local", "time": "0.387"} sha256=0743ec7eef4a944565e2c31750eb4f0ad20cc2f38f49bbbbe6cfd165bc2237b3
tests_total=48 failures/errors/skips=0; one line-wrap only after semantic pass.
Scope: actual Source membership issue/close and all five Native controls, actual RocksDB full reopen/image ledger audit; external Control/history/profile/Route/key/time/lease/Source providers remain fixtures. No new Broker/Oxia/Catalog/install/production authority.
Command: ./gradlew test --tests com.nereusstream.delay.runtime.TargetQuotaGrantStoreTest.membershipIssueAndClosePreserveFirstSourceAndAtomicResults --tests com.nereusstream.delay.runtime.TargetCommandStoreTest.modifiesActualTimelineOrClaimWithHistoryAndFirstResults --tests com.nereusstream.delay.store.TargetCheckpointRootVerifierTest checkstyleMain checkstyleTest --no-daemon --console=plain
source_sha256 029bbe110c6215c0723b4552d46379e4971975b08d012e44b6840b203c28f086 src/main/java/com/nereusstream/delay/store/TargetCheckpointLedgerAudit.java
source_sha256 26614eebdf7e01d817dec55f4208b239dc11b999eb3f551d535da18ab77330bc src/test/java/com/nereusstream/delay/runtime/TargetQuotaGrantStoreTest.java
> Task :protobufDummy UP-TO-DATE
> Task :extractIncludeProto UP-TO-DATE
> Task :extractProto UP-TO-DATE
> Task :generateProto UP-TO-DATE
> Task :compileJava UP-TO-DATE
> Task :generateRunningArtifactIdentity
> Task :processProtoResources UP-TO-DATE
> Task :processResources UP-TO-DATE
> Task :classes UP-TO-DATE
> Task :extractIncludeTestProto UP-TO-DATE
> Task :extractTestProto UP-TO-DATE
> Task :generateTestProto NO-SOURCE
> Task :compileTestJava
> Task :checkstyleMain UP-TO-DATE
> Task :processTestProtoResources UP-TO-DATE
> Task :processTestResources UP-TO-DATE
> Task :testClasses
> Task :checkstyleTest

BUILD SUCCESSFUL in 27s
14 actionable tasks: 3 executed, 11 up-to-date
Consider enabling configuration cache to speed up this build: https://docs.gradle.org/9.4.1/userguide/configuration_cache_enabling.html
To honour the JVM settings for this build a single-use Daemon process will be forked. For more on this, please refer to https://docs.gradle.org/9.4.1/userguide/gradle_daemon.html#sec:disabling_the_daemon in the Gradle documentation.
Daemon will be stopped at the end of the build

> Task :testNdip1ImplementationVerifier
..........
----------------------------------------------------------------------
Ran 10 tests in 60.343s

OK

> Task :testNdip1PackageVerifier
..............
----------------------------------------------------------------------
Ran 14 tests in 0.088s

OK

> Task :verifyNdip1HistoricalClosure
proposal=NDIP-1
receipt_status=IMPLEMENTED
lifecycle_authority=true
implementation=CLOSED
lifecycle=CLOSED
certified_commit=b4e077e9978f262cdb93cf3562ea12eee32430e2
runtime_source_sha256=03ce17ede4b9e70e2f70dd2bbef681087f529159549a4cd979d0d7aa34fa9948
runtime_source_files=835
implemented_package_sha256=792ca54e239d884ba6f95315747f565bab57ee0fc02338a77369cb19bbe8e8a7
staging_run=20260901055333-78920
deployment=SEPARATE_FUTURE_WORK
performance_and_scale=SEPARATE_FUTURE_WORK
production_rollout=SEPARATE_FUTURE_WORK
production_authority=false

> Task :verifyNdip1PackageAccepted
proposal=NDIP-1
receipt_status=ACCEPTED
authority=true
package_source_commit=77ffa61136c0cd401244ebea4375a5a18b097b17
file_sha256 70d9dd7c113fa5f457a20a97996322ef9a2018772efd225aa982c13ec4935140 docs/ndip/NDIP-1/01-调查与决策记录.md
file_sha256 c167ed42dd29c383c08a8a102f36b0e4deee8ae5c7a5da115a09d04ffcb9fa6f docs/ndip/NDIP-1/02-NDIP-1-Pulsar-Native-Delivery.md
file_sha256 9affafa81952959d39ed9c09a00abe6b84da4fd3b0b6280422f297684d56f727 docs/ndip/NDIP-1/03-实施计划.md
file_sha256 2a26c107cd69ee522ea138b3487b8ec206e913acc6ad5b862aa69288ddcaa88e docs/ndip/NDIP-1/04-代码级目标设计.md
package_sha256=13caab8ecdc201901f06e905f1c0bf9792780e50c6f5948f93abf2bdb8f4d21b
gate_b=PASS
implementation=AUTHORIZED
local_disposable_testing=AUTHORIZED_WITH_EXACT_ATTESTATION
gate_c=PENDING_DEPLOYMENT
shadow=BLOCKED_BY_GATE_C
enabled=BLOCKED_BY_GATE_C_AND_SHADOW_REQUIREMENTS

> Task :verifyNdip2PackageAccepted
proposal=NDIP-2
receipt_status=ACCEPTED
authority=true
file_sha256 0a105fb2b73d63cabddf42d0ba3d5a9590b4edddd47242495f196bf56d15f642 docs/ndip/NDIP-2/01-NDIP-生命周期与认证源码权威分层.md
file_sha256 c882ecaa32413cb9e177243cf3efe91b97810c3cc10be81e61e7e458030c4ffa docs/ndip/NDIP-2/02-实施计划.md
file_sha256 ec1ba68ab3ac91aa667647e6289cd252b99da84d899f42f879821d6e5d7752e9 docs/ndip/NDIP-2/03-代码级目标设计.md
package_sha256=856e1d768210a31fc9aad811af3a93c1de33189cc03c65bc1e36d57affbf10db
gate_b=PASS
implementation=AUTHORIZED
deployment_authority=false

> Task :checkDocumentation

BUILD SUCCESSFUL in 1m 17s
6 actionable tasks: 6 executed
Consider enabling configuration cache to speed up this build: https://docs.gradle.org/9.4.1/userguide/configuration_cache_enabling.html
Compile/style follow-up passed; checkDocumentation BUILD SUCCESSFUL in 1m 17s. Semantic48 zero failure/error/skip, original compiler/long-line diagnostics retained; no completion/production flag promotion.
