To honour the JVM settings for this build a single-use Daemon process will be forked. For more on this, please refer to https://docs.gradle.org/9.4.1/userguide/gradle_daemon.html#sec:disabling_the_daemon in the Gradle documentation.
Daemon will be stopped at the end of the build
> Task :protobufDummy UP-TO-DATE
> Task :extractIncludeProto UP-TO-DATE
> Task :extractProto UP-TO-DATE
> Task :generateProto UP-TO-DATE
> Task :compileJava
> Task :generateRunningArtifactIdentity
> Task :processProtoResources UP-TO-DATE
> Task :processResources
> Task :classes
> Task :checkstyleMain

BUILD SUCCESSFUL in 28s
8 actionable tasks: 4 executed, 4 up-to-date
Consider enabling configuration cache to speed up this build: https://docs.gradle.org/9.4.1/userguide/configuration_cache_enabling.html
To honour the JVM settings for this build a single-use Daemon process will be forked. For more on this, please refer to https://docs.gradle.org/9.4.1/userguide/gradle_daemon.html#sec:disabling_the_daemon in the Gradle documentation.
Daemon will be stopped at the end of the build
> Task :protobufDummy UP-TO-DATE
> Task :extractIncludeProto UP-TO-DATE
> Task :extractProto UP-TO-DATE
> Task :generateProto UP-TO-DATE
> Task :compileJava
> Task :generateRunningArtifactIdentity
> Task :processProtoResources UP-TO-DATE
> Task :processResources UP-TO-DATE
> Task :classes
> Task :extractIncludeTestProto UP-TO-DATE
> Task :extractTestProto UP-TO-DATE
> Task :generateTestProto NO-SOURCE
> Task :compileTestJava
> Task :processTestProtoResources UP-TO-DATE
> Task :processTestResources UP-TO-DATE
> Task :testClasses
> Task :test
> Task :checkstyleTest
> Task :checkstyleMain

BUILD SUCCESSFUL in 1m 30s
15 actionable tasks: 6 executed, 9 up-to-date
Consider enabling configuration cache to speed up this build: https://docs.gradle.org/9.4.1/userguide/configuration_cache_enabling.html
To honour the JVM settings for this build a single-use Daemon process will be forked. For more on this, please refer to https://docs.gradle.org/9.4.1/userguide/gradle_daemon.html#sec:disabling_the_daemon in the Gradle documentation.
Daemon will be stopped at the end of the build
> Task :protobufDummy UP-TO-DATE
> Task :extractIncludeProto UP-TO-DATE
> Task :extractProto UP-TO-DATE
> Task :generateProto UP-TO-DATE
> Task :compileJava UP-TO-DATE
> Task :generateRunningArtifactIdentity
> Task :processProtoResources UP-TO-DATE
> Task :processResources UP-TO-DATE
> Task :classes UP-TO-DATE
> Task :extractIncludeTestProto UP-TO-DATE
> Task :extractTestProto UP-TO-DATE
> Task :generateTestProto NO-SOURCE
> Task :compileTestJava
> Task :processTestProtoResources UP-TO-DATE
> Task :processTestResources UP-TO-DATE
> Task :testClasses
> Task :test
> Task :checkstyleMain UP-TO-DATE
Final focused XML {"name": "com.nereusstream.delay.runtime.TargetCommandStoreTest", "tests": "44", "skipped": "0", "failures": "0", "errors": "0", "timestamp": "2026-10-08T14:23:58.497Z", "hostname": "liusinandeMacBook-Pro.local", "time": "56.802"} sha256=d170aff1d89646f17127ef877f79a5b0c82c43d5936e347169f931b2658645c8
Final focused XML {"name": "com.nereusstream.delay.runtime.TargetQuotaGrantStoreTest", "tests": "1", "skipped": "0", "failures": "0", "errors": "0", "timestamp": "2026-10-08T14:24:55.300Z", "hostname": "liusinandeMacBook-Pro.local", "time": "0.774"} sha256=393d65b02b59fb0ee83f2ab78404125b6d4c2118b1b2357dc1705536d2eb4349
Final focused XML {"name": "com.nereusstream.delay.store.TargetCheckpointRootVerifierTest", "tests": "3", "skipped": "0", "failures": "0", "errors": "0", "timestamp": "2026-10-08T14:24:56.074Z", "hostname": "liusinandeMacBook-Pro.local", "time": "0.356"} sha256=d62e68508759f664e50dfddfbb1ef2d40c5eb6a5a39bbdb0cf60a178e674c62b
> Task :checkstyleTest

BUILD SUCCESSFUL in 1m 25s
15 actionable tasks: 4 executed, 11 up-to-date
Consider enabling configuration cache to speed up this build: https://docs.gradle.org/9.4.1/userguide/configuration_cache_enabling.html
Parent=6d2ed6a8e02710a14e38a6b2227857aae0cf6c0f
Final focused command: ./gradlew test --tests com.nereusstream.delay.runtime.TargetCommandStoreTest.modifiesActualTimelineOrClaimWithHistoryAndFirstResults --tests com.nereusstream.delay.runtime.TargetQuotaGrantStoreTest.membershipIssueAndClosePreserveFirstSourceAndAtomicResults --tests com.nereusstream.delay.store.TargetCheckpointRootVerifierTest checkstyleMain checkstyleTest --no-daemon --console=plain
source_sha256={"src/main/java/com/nereusstream/delay/ownership/TargetCheckpointAdmissionInputs.java": "e4cdfb32ac618adbba47de8e2b3350c85c22289016da05e1cad88eef1943b950", "src/main/java/com/nereusstream/delay/runtime/TargetPublishRecoveryDiscovery.java": "0d6a2fe47d50b09dbd1c26b66b33cec118c75a8d9b3c92b1991cf0c8b81d5e43", "src/main/java/com/nereusstream/delay/ownership/TargetSourceApplyRuntime.java": "a9ad9162d6c386f90861b797c35f9745d0a6c8ef7cf1ebf9afd65eaab735f2c1", "src/main/java/com/nereusstream/delay/ownership/TargetWorkerShardRuntime.java": "0e7b116ced3089459cf0cfa681a1b41ff6d28ae4275cac30404547003e85352b", "src/test/java/com/nereusstream/delay/runtime/TargetCommandStoreTest.java": "02d873eb8364de953b7a674899b57b1e04c76e12faeafac7d900dc1c1c8f6ac7"}
Final focused48 zero failure/error/skip; actual Store/Source/Worker with history/time/key/policy/cursor fixtures. No protected Broker cut/publication authority.

Documentation command: ./gradlew checkDocumentation --no-daemon --console=plain
To honour the JVM settings for this build a single-use Daemon process will be forked. For more on this, please refer to https://docs.gradle.org/9.4.1/userguide/gradle_daemon.html#sec:disabling_the_daemon in the Gradle documentation.
Daemon will be stopped at the end of the build

> Task :testNdip1ImplementationVerifier
..........
----------------------------------------------------------------------
Ran 10 tests in 53.315s

OK

> Task :testNdip1PackageVerifier
..............
----------------------------------------------------------------------
Ran 14 tests in 0.072s

OK

> Task :verifyNdip1HistoricalClosure
proposal=NDIP-1
receipt_status=IMPLEMENTED
lifecycle_authority=true
implementation=CLOSED
lifecycle=CLOSED
certified_commit=b4e077e9978f262cdb93cf3562ea12eee32430e2
runtime_source_sha256=03ce17ede4b9e70e2f70dd2bbef681087f529159549a4cd979d0d7aa34fa9948
runtime_source_files=835
implemented_package_sha256=792ca54e239d884ba6f95315747f565bab57ee0fc02338a77369cb19bbe8e8a7
staging_run=20260901055333-78920
deployment=SEPARATE_FUTURE_WORK
performance_and_scale=SEPARATE_FUTURE_WORK
production_rollout=SEPARATE_FUTURE_WORK
production_authority=false

> Task :verifyNdip1PackageAccepted
proposal=NDIP-1
receipt_status=ACCEPTED
authority=true
package_source_commit=77ffa61136c0cd401244ebea4375a5a18b097b17
file_sha256 70d9dd7c113fa5f457a20a97996322ef9a2018772efd225aa982c13ec4935140 docs/ndip/NDIP-1/01-调查与决策记录.md
file_sha256 c167ed42dd29c383c08a8a102f36b0e4deee8ae5c7a5da115a09d04ffcb9fa6f docs/ndip/NDIP-1/02-NDIP-1-Pulsar-Native-Delivery.md
file_sha256 9affafa81952959d39ed9c09a00abe6b84da4fd3b0b6280422f297684d56f727 docs/ndip/NDIP-1/03-实施计划.md
file_sha256 2a26c107cd69ee522ea138b3487b8ec206e913acc6ad5b862aa69288ddcaa88e docs/ndip/NDIP-1/04-代码级目标设计.md
package_sha256=13caab8ecdc201901f06e905f1c0bf9792780e50c6f5948f93abf2bdb8f4d21b
gate_b=PASS
implementation=AUTHORIZED
local_disposable_testing=AUTHORIZED_WITH_EXACT_ATTESTATION
gate_c=PENDING_DEPLOYMENT
shadow=BLOCKED_BY_GATE_C
enabled=BLOCKED_BY_GATE_C_AND_SHADOW_REQUIREMENTS

> Task :verifyNdip2PackageAccepted
proposal=NDIP-2
receipt_status=ACCEPTED
authority=true
file_sha256 0a105fb2b73d63cabddf42d0ba3d5a9590b4edddd47242495f196bf56d15f642 docs/ndip/NDIP-2/01-NDIP-生命周期与认证源码权威分层.md
file_sha256 c882ecaa32413cb9e177243cf3efe91b97810c3cc10be81e61e7e458030c4ffa docs/ndip/NDIP-2/02-实施计划.md
file_sha256 ec1ba68ab3ac91aa667647e6289cd252b99da84d899f42f879821d6e5d7752e9 docs/ndip/NDIP-2/03-代码级目标设计.md
package_sha256=856e1d768210a31fc9aad811af3a93c1de33189cc03c65bc1e36d57affbf10db
gate_b=PASS
implementation=AUTHORIZED
deployment_authority=false

> Task :checkDocumentation

BUILD SUCCESSFUL in 1m 8s
6 actionable tasks: 6 executed
Consider enabling configuration cache to speed up this build: https://docs.gradle.org/9.4.1/userguide/configuration_cache_enabling.html
