Parent=6d2ed6a8e02710a14e38a6b2227857aae0cf6c0f; Oxia source=37a17bef17202d5fd6e23282da5fd26d94865484; owned project=nereus-delay-input-collection-1791469543-36091
 Image nereus-delay-input-collection-1791469543-36091-oxia Building
#1 [internal] load local bake definitions
#1 reading from stdin 622B done
#1 DONE 0.0s

#2 [internal] load build definition from Dockerfile
#2 transferring dockerfile: 1.34kB done
#2 DONE 0.0s

#3 [internal] load metadata for docker.io/library/alpine:3.22
#3 ...

#4 [internal] load metadata for docker.io/library/golang:1.26-alpine
#4 DONE 3.0s

#3 [internal] load metadata for docker.io/library/alpine:3.22
#3 DONE 3.1s

#5 [internal] load .dockerignore
#5 transferring context: 2B done
#5 DONE 0.0s

#6 [runtime 1/8] FROM docker.io/library/alpine:3.22@sha256:5291449c3df73caf6ed85e649dec1b9e818b39a5d8c871e97afc13e9cd5e8fa8
#6 DONE 0.0s

#7 [build 1/5] FROM docker.io/library/golang:1.26-alpine@sha256:8ac98ca534ac3f51e1f420a1dd2c15e74c75cfa0f23f3ad27eb5d7236c349a0c
#7 DONE 0.0s

#8 [internal] load build context
#8 transferring context: 39.30kB 0.0s done
#8 DONE 0.0s

#9 [build 2/5] RUN apk add --no-cache make git build-base bash
#9 CACHED

#10 [runtime 5/8] COPY --from=build /src/oxia/bin/oxia /oxia/bin/oxia
#10 CACHED

#11 [runtime 2/8] RUN apk add --no-cache bash bash-completion jq
#11 CACHED

#12 [build 5/5] RUN --mount=type=cache,target=/go/pkg/mod     --mount=type=cache,target=/root/.cache/go-build     make
#12 CACHED

#13 [runtime 6/8] COPY --from=build /src/oxia/conf/coordinator.yaml /oxia/conf/coordinator.yaml
#13 CACHED

#14 [runtime 7/8] COPY --from=build /src/oxia/conf/dataserver.yaml /oxia/conf/dataserver.yaml
#14 CACHED

#15 [runtime 3/8] RUN apk upgrade --no-cache
#15 CACHED

#16 [runtime 4/8] WORKDIR /oxia
#16 CACHED

#17 [build 3/5] WORKDIR /src/oxia
#17 CACHED

#18 [build 4/5] COPY . .
#18 CACHED

#19 [runtime 8/8] RUN oxia completion bash > ~/.bashrc
#19 CACHED

#20 exporting to image
#20 exporting layers done
#20 writing image sha256:c28522850ef7f2f65e4d4c281ee206f9f735575804b121cd007b8e479c592b50 0.0s done
#20 naming to docker.io/library/nereus-delay-input-collection-1791469543-36091-oxia
#20 naming to docker.io/library/nereus-delay-input-collection-1791469543-36091-oxia 0.0s done
#20 DONE 0.1s

#21 resolving provenance for metadata file
#21 DONE 0.0s
 Image nereus-delay-input-collection-1791469543-36091-oxia Built
 Network nereus-delay-input-collection-1791469543-36091_default Creating
 Network nereus-delay-input-collection-1791469543-36091_default Creating
 Network nereus-delay-input-collection-1791469543-36091_default Created
 Network nereus-delay-input-collection-1791469543-36091_default Created
 Container nereus-delay-input-collection-1791469543-36091-oxia-1 Creating
 Container nereus-delay-input-collection-1791469543-36091-oxia-1 Created
 Container nereus-delay-input-collection-1791469543-36091-oxia-1 Starting
 Container nereus-delay-input-collection-1791469543-36091-oxia-1 Started
Native image=sha256:c28522850ef7f2f65e4d4c281ee206f9f735575804b121cd007b8e479c592b50; running=true
To honour the JVM settings for this build a single-use Daemon process will be forked. For more on this, please refer to https://docs.gradle.org/9.4.1/userguide/gradle_daemon.html#sec:disabling_the_daemon in the Gradle documentation.
Daemon will be stopped at the end of the build
> Task :protobufDummy UP-TO-DATE
> Task :extractIncludeProto UP-TO-DATE
> Task :extractProto UP-TO-DATE
> Task :generateProto UP-TO-DATE
> Task :compileJava UP-TO-DATE
> Task :generateRunningArtifactIdentity
> Task :processProtoResources UP-TO-DATE
> Task :processResources UP-TO-DATE
> Task :classes UP-TO-DATE
> Task :extractIncludeTestProto UP-TO-DATE
> Task :extractTestProto UP-TO-DATE
> Task :generateTestProto NO-SOURCE
> Task :compileTestJava UP-TO-DATE
> Task :processTestProtoResources UP-TO-DATE
> Task :processTestResources UP-TO-DATE
> Task :testClasses UP-TO-DATE
> Task :test
> Task :checkstyleMain UP-TO-DATE
> Task :checkstyleTest UP-TO-DATE

BUILD SUCCESSFUL in 1m 10s
15 actionable tasks: 2 executed, 13 up-to-date
Consider enabling configuration cache to speed up this build: https://docs.gradle.org/9.4.1/userguide/configuration_cache_enabling.html
Native XML {"name": "com.nereusstream.delay.runtime.TargetCommandStoreTest", "tests": "12", "skipped": "0", "failures": "0", "errors": "0", "timestamp": "2026-10-08T14:26:03.316Z", "hostname": "liusinandeMacBook-Pro.local", "time": "53.331"} sha256=4e0664837e02816d4707594226dedece32e36e045b088f7310934a73dfabb6f2
Native12 zero failure/error/skip. Actual two-session Owner/lease/CAS/Source/Store; external history/Broker/Journal/time/key/policy/cursor providers remain fixtures.
 Container nereus-delay-input-collection-1791469543-36091-oxia-1 Stopping
 Container nereus-delay-input-collection-1791469543-36091-oxia-1 Stopped
 Container nereus-delay-input-collection-1791469543-36091-oxia-1 Removing
 Container nereus-delay-input-collection-1791469543-36091-oxia-1 Removed
 Network nereus-delay-input-collection-1791469543-36091_default Removing
 Network nereus-delay-input-collection-1791469543-36091_default Removed
Untagged: nereus-delay-input-collection-1791469543-36091-oxia:latest
Deleted: sha256:c28522850ef7f2f65e4d4c281ee206f9f735575804b121cd007b8e479c592b50
Native command: NEREUS_DELAY_OXIA_ENDPOINT=127.0.0.1:16681 NEREUS_DELAY_OXIA_NAMESPACE=default ./gradlew test --tests com.nereusstream.delay.runtime.TargetCommandStoreTest.realOxiaPublishOwnerTakeoverRetainsUncertainBudgetAndBarrier --tests com.nereusstream.delay.runtime.TargetCommandStoreTest.realOxiaLateTargetOutcomeRetainsTerminalDecision checkstyleMain checkstyleTest --no-daemon --console=plain
Compose: locked clean Oxia source, port16681, unique owned project in header; e2e/docker-compose.oxia.yml up -d --build; trap downs own project and removes own image tag.
source_sha256={"src/main/java/com/nereusstream/delay/ownership/TargetCheckpointAdmissionInputs.java": "e4cdfb32ac618adbba47de8e2b3350c85c22289016da05e1cad88eef1943b950", "src/main/java/com/nereusstream/delay/runtime/TargetPublishRecoveryDiscovery.java": "0d6a2fe47d50b09dbd1c26b66b33cec118c75a8d9b3c92b1991cf0c8b81d5e43", "src/main/java/com/nereusstream/delay/ownership/TargetSourceApplyRuntime.java": "a9ad9162d6c386f90861b797c35f9745d0a6c8ef7cf1ebf9afd65eaab735f2c1", "src/main/java/com/nereusstream/delay/ownership/TargetWorkerShardRuntime.java": "0e7b116ced3089459cf0cfa681a1b41ff6d28ae4275cac30404547003e85352b", "src/test/java/com/nereusstream/delay/runtime/TargetCommandStoreTest.java": "02d873eb8364de953b7a674899b57b1e04c76e12faeafac7d900dc1c1c8f6ac7"}
