Parent=afad90429bb29b0d21bbde2ebb9d4e4b625134a8; Oxia source=37a17bef17202d5fd6e23282da5fd26d94865484; owned project=nereus-delay-dependencies-1791472402-83647
 Image nereus-delay-dependencies-1791472402-83647-oxia Building
#1 [internal] load local bake definitions
#1 reading from stdin 614B done
#1 DONE 0.0s

#2 [internal] load build definition from Dockerfile
#2 transferring dockerfile: 1.34kB done
#2 DONE 0.0s

#3 [internal] load metadata for docker.io/library/alpine:3.22
#3 DONE 2.4s

#4 [internal] load metadata for docker.io/library/golang:1.26-alpine
#4 DONE 2.4s

#5 [internal] load .dockerignore
#5 transferring context: 2B done
#5 DONE 0.0s

#6 [runtime 1/8] FROM docker.io/library/alpine:3.22@sha256:5291449c3df73caf6ed85e649dec1b9e818b39a5d8c871e97afc13e9cd5e8fa8
#6 DONE 0.0s

#7 [build 1/5] FROM docker.io/library/golang:1.26-alpine@sha256:8ac98ca534ac3f51e1f420a1dd2c15e74c75cfa0f23f3ad27eb5d7236c349a0c
#7 DONE 0.0s

#8 [internal] load build context
#8 transferring context: 39.30kB 0.0s done
#8 DONE 0.0s

#9 [runtime 5/8] COPY --from=build /src/oxia/bin/oxia /oxia/bin/oxia
#9 CACHED

#10 [runtime 6/8] COPY --from=build /src/oxia/conf/coordinator.yaml /oxia/conf/coordinator.yaml
#10 CACHED

#11 [runtime 2/8] RUN apk add --no-cache bash bash-completion jq
#11 CACHED

#12 [runtime 4/8] WORKDIR /oxia
#12 CACHED

#13 [build 5/5] RUN --mount=type=cache,target=/go/pkg/mod     --mount=type=cache,target=/root/.cache/go-build     make
#13 CACHED

#14 [runtime 7/8] COPY --from=build /src/oxia/conf/dataserver.yaml /oxia/conf/dataserver.yaml
#14 CACHED

#15 [runtime 3/8] RUN apk upgrade --no-cache
#15 CACHED

#16 [build 3/5] WORKDIR /src/oxia
#16 CACHED

#17 [build 4/5] COPY . .
#17 CACHED

#18 [build 2/5] RUN apk add --no-cache make git build-base bash
#18 CACHED

#19 [runtime 8/8] RUN oxia completion bash > ~/.bashrc
#19 CACHED

#20 exporting to image
#20 exporting layers done
#20 writing image sha256:fe923d43c33302b4f55248ada24f5467d363218f12141c259e8d31690b2ee0f0 done
#20 naming to docker.io/library/nereus-delay-dependencies-1791472402-83647-oxia done
#20 DONE 0.0s

#21 resolving provenance for metadata file
#21 DONE 0.0s
 Image nereus-delay-dependencies-1791472402-83647-oxia Built
 Network nereus-delay-dependencies-1791472402-83647_default Creating
 Network nereus-delay-dependencies-1791472402-83647_default Creating
 Network nereus-delay-dependencies-1791472402-83647_default Created
 Network nereus-delay-dependencies-1791472402-83647_default Created
 Container nereus-delay-dependencies-1791472402-83647-oxia-1 Creating
 Container nereus-delay-dependencies-1791472402-83647-oxia-1 Created
 Container nereus-delay-dependencies-1791472402-83647-oxia-1 Starting
 Container nereus-delay-dependencies-1791472402-83647-oxia-1 Started
Native image=sha256:fe923d43c33302b4f55248ada24f5467d363218f12141c259e8d31690b2ee0f0; running=true
To honour the JVM settings for this build a single-use Daemon process will be forked. For more on this, please refer to https://docs.gradle.org/9.4.1/userguide/gradle_daemon.html#sec:disabling_the_daemon in the Gradle documentation.
Daemon will be stopped at the end of the build
> Task :protobufDummy UP-TO-DATE
> Task :extractIncludeProto UP-TO-DATE
> Task :extractProto UP-TO-DATE
> Task :generateProto UP-TO-DATE
> Task :compileJava UP-TO-DATE
> Task :generateRunningArtifactIdentity
> Task :processProtoResources UP-TO-DATE
> Task :processResources UP-TO-DATE
> Task :classes UP-TO-DATE
> Task :extractIncludeTestProto UP-TO-DATE
> Task :extractTestProto UP-TO-DATE
> Task :generateTestProto NO-SOURCE
> Task :compileTestJava UP-TO-DATE
> Task :processTestProtoResources UP-TO-DATE
> Task :processTestResources UP-TO-DATE
> Task :testClasses UP-TO-DATE
> Task :test
> Task :checkstyleMain UP-TO-DATE
> Task :checkstyleTest UP-TO-DATE

BUILD SUCCESSFUL in 1m 13s
15 actionable tasks: 2 executed, 13 up-to-date
Consider enabling configuration cache to speed up this build: https://docs.gradle.org/9.4.1/userguide/configuration_cache_enabling.html
Native XML {"name": "com.nereusstream.delay.runtime.TargetCommandStoreTest", "tests": "12", "skipped": "0", "failures": "0", "errors": "0", "timestamp": "2026-10-08T15:13:42.472Z", "hostname": "liusinandeMacBook-Pro.local", "time": "56.731"} sha256=aea975a4cf2c9fe71c376037d32fa783aaccf0625ba0efd18a77b8ad1d6373d9
Native12 zero failure/error/skip; actual two-session Owner/lease/CAS/Source/Store; history/Broker/Journal/time/key/policy/cursor/protection remain fixtures.
 Container nereus-delay-dependencies-1791472402-83647-oxia-1 Stopping
 Container nereus-delay-dependencies-1791472402-83647-oxia-1 Stopped
 Container nereus-delay-dependencies-1791472402-83647-oxia-1 Removing
 Container nereus-delay-dependencies-1791472402-83647-oxia-1 Removed
 Network nereus-delay-dependencies-1791472402-83647_default Removing
 Network nereus-delay-dependencies-1791472402-83647_default Removed
Untagged: nereus-delay-dependencies-1791472402-83647-oxia:latest
Deleted: sha256:fe923d43c33302b4f55248ada24f5467d363218f12141c259e8d31690b2ee0f0
Native command: NEREUS_DELAY_OXIA_ENDPOINT=127.0.0.1:16681 NEREUS_DELAY_OXIA_NAMESPACE=default ./gradlew test --tests com.nereusstream.delay.runtime.TargetCommandStoreTest.realOxiaPublishOwnerTakeoverRetainsUncertainBudgetAndBarrier --tests com.nereusstream.delay.runtime.TargetCommandStoreTest.realOxiaLateTargetOutcomeRetainsTerminalDecision checkstyleMain checkstyleTest --no-daemon --console=plain
Compose: locked clean source37a17bef17202d5fd6e23282da5fd26d94865484, port16681, owned project in header, e2e/docker-compose.oxia.yml up -d --build; trap downs own project and removes own image tag.
source_sha256={"src/main/java/com/nereusstream/delay/store/TargetCheckpointDependencies.java": "2a250df3ac2c9c469d23cdadd28f9a4b4ee3662f5affaa0a02a468241a98beda", "src/main/java/com/nereusstream/delay/store/TargetCheckpointLedgerAudit.java": "795b73e8beebb6fa1a2f6868ebff7754009c4012d84866e16bb7262a96047864", "src/main/java/com/nereusstream/delay/store/TargetCheckpointRootVerifier.java": "2d05689a361bdedfc0d3b8ddf06b79a2556bdcfd0f20a305bce4f2412700a278", "src/test/java/com/nereusstream/delay/runtime/TargetCommandStoreTest.java": "28d297136d09d183269f7005b5375e11b3b48008073475cf5f32255523e6e892", "src/test/java/com/nereusstream/delay/runtime/TargetQuotaGrantStoreTest.java": "1f2ae6e06f0578a49cb0a0747fa9a530ce8092df48ae04e85ed3fade9d9c7a12"}
