# D2 locked K1 network ACK-loss process-crash recovery with live Oxia Owner lease

Date: 2026-10-01
Base revision: ac44d69101f8bac457d8f10141463c6a38413512 (tested changes are recorded by working-tree SHA-256 below)

Locked K1 source:
Checkout: /Users/liusinan/apps/ideaproject/nereusstream/kafka-worktrees/nereus-delay-k1
HEAD: 05849884ca81fad767fda058444d1e17c7f9cbf9
Client JAR SHA-256: 1853eceecc76db807a0c7c7897fc0eda45ad0bf15a95ae8100470ff43e5146
Disposable three-broker KRaft image ID: sha256:62f1206203535f39ab09b723d8adcc6a3bb96fd79d10859aafc4c751a58f74d0

Oxia source:
Checkout: /Users/liusinan/apps/ideaproject/nereusstream/oxia
HEAD: 37a17bef17202d5fd6e23282da5fd26d94865484
Disposable Oxia image ID: sha256:177d2d6d974f99287092028d263e9d4f88d14144610526218094482e17fa0e89

Command:
NEREUS_DELAY_KAFKA_WITH_OXIA=1 NEREUS_DELAY_KAFKA_OXIA_CHECKOUT=/Users/liusinan/apps/ideaproject/nereusstream/oxia NEREUS_DELAY_KAFKA_TARGET_SOURCE_ACK_PROCESS_CRASH_ONLY=1 NEREUS_DELAY_KAFKA_CHECKOUT=/Users/liusinan/apps/ideaproject/nereusstream/kafka-worktrees/nereus-delay-k1 ./e2e/run-kafka-real-client-e2e.sh

Result: exit 0. The first Java process used a session-bound Oxia Owner lease and reached ACK_UNKNOWN after Target Store apply: Broker group offset 2, Store source offset 1, Owner epoch 1. The TCP proxy had received but withheld the Broker OffsetCommit response. The harness SIGKILLed that JVM. A fresh JVM connected to the same Oxia lease key prefix, waited until the killed session's ephemeral Owner lease was absent, then acquired Owner epoch 2. It reopened the exact RocksDB directory, verified the persisted Kafka cluster/topic/partition identity, replayed the exact source command, reused its stored result without another Store mutation, and confirmed Broker group offset 2. The proxy recorded seven withheld OffsetCommit Broker responses.

The cut marker was: `Kafka Target source process-crash cut reached: status=ACK_UNKNOWN, brokerOffset=2, storeOffset=1, ownerEpoch=1`. The fresh process reported: `Kafka Target source process-crash recovery passed: previousOwnerEpoch=1, replacementOwnerEpoch=2, brokerOffset=2, exact replay ACKed by a fresh JVM.`

This verifies one real K1 source-ACK uncertainty and SIGKILL recovery with an actual Oxia session-bound ephemeral Owner lease. Source assignment and initial grant are still test authorities. It does not verify production placement/bootstrap, multi-Shard sibling isolation combined with Broker response loss, Claim/Admission/Producer ownership crash, uncertain Store write, shared-channel teardown, the full D2 matrix, or centralized validation. D2 remains IN_PROGRESS / PENDING_CENTRAL_VALIDATION.

Validation: standalone `compileRealKafka` passed after the Java changes; the final E2E also ran `compileRealKafka` UP-TO-DATE and exited successfully. `checkstyleRealKafka` reports only the unrelated existing unused `java.util.List` import in `KafkaClientArtifactTargetWorkerSourceFactory.java:12`.

Source SHA-256:
src/real-kafka/java/com/nereusstream/delay/transport/KafkaClientArtifactTargetWorkerSourceSmoke.java 1b9a6c23eb0e44381f60cb3ae9c6bfabd44eb4795094711d53f597049afd73d9
src/real-kafka/java/com/nereusstream/delay/transport/KafkaClientArtifactOffsetCommitResponseLossProxy.java 08852374c5b07b5c404007148c41d9c06045bc5d8f673b82d49824aaa3561cdb
build.gradle 9ccf636723bdb4a53d0317eb45621b8a7d3552cbb394b6bee665ca194354e0e8
e2e/run-kafka-real-client-e2e.sh 54846194cff23e3abcc65ea54bd8c48281661ee48f8a19eca62714cb47f64175
e2e/docker-compose.kafka.yml b4f46655415e34f56d9084f8508a5b36e29d11ec2ada546eb5ea9552e8178904
e2e/docker-compose.oxia.yml 6bfc9680f5b373210c8ca623d6cdc50d113bc484a0a7fdc5a3a3ce1d7ceda39e
