# D2 locked K1 network ACK-loss process-crash recovery

Date: 2026-10-01
Base revision: 21100ba48c18577ff752b774d2847d889d37e2ff (tested changes are recorded by working-tree SHA-256 below)

Locked Kafka source:
Checkout: /Users/liusinan/apps/ideaproject/nereusstream/kafka-worktrees/nereus-delay-k1
HEAD: 05849884ca81fad767fda058444d1e17c7f9cbf9
Client JAR SHA-256: 1853eceecc76db807a0c7c7897fc0eda45ad0bf15a95ae8100470ff43e5146
Disposable three-broker KRaft image ID: sha256:62f1206203535f39ab09b723d8adcc6a3bb96fd79d10859aafc4c751a58f74d0

Command:
NEREUS_DELAY_KAFKA_TARGET_SOURCE_ACK_PROCESS_CRASH_ONLY=1 NEREUS_DELAY_KAFKA_CHECKOUT=/Users/liusinan/apps/ideaproject/nereusstream/kafka-worktrees/nereus-delay-k1 ./e2e/run-kafka-real-client-e2e.sh

Result: exit 0. The real K1 three-Broker E2E started the TCP OffsetCommit response-loss proxy. The first Java smoke process reached ACK_UNKNOWN after applying the source entry: Broker group offset 2, Target Store source offset 1, test Owner epoch 1. The proxy had received but withheld the Broker OffsetCommit response. The harness SIGKILLed that Java process and confirmed its Gradle task did not return success. A fresh Java process then opened the same RocksDB path, checked the persisted Broker cluster/topic/partition identity and source state, acquired a higher test Owner epoch, replayed the exact source command, reused its stored result without another Store mutation, and confirmed group offset 2. The proxy recorded seven withheld OffsetCommit Broker responses during the run.

The cut marker was: `Kafka Target source process-crash cut reached: status=ACK_UNKNOWN, brokerOffset=2, storeOffset=1, ownerEpoch=1`. The recovery marker was: `Kafka Target source process-crash recovery passed: previousOwnerEpoch=1, brokerOffset=2, exact replay ACKed by a fresh JVM.`

This verifies single-Shard source-ACK uncertainty across an actual JVM SIGKILL and fresh-process RocksDB reopen against a real Broker. The source/Owner authority used by the smoke is still test-provided; the fresh process seeds an in-memory Owner lease fixture from the persisted epoch. This does not verify a live Oxia lease takeover, Claim/Admission/Producer ownership crash, uncertain Store write, multi-Shard sibling isolation combined with Broker response loss, shared-channel teardown, the full D2 matrix, or centralized validation. D2 remains IN_PROGRESS / PENDING_CENTRAL_VALIDATION.

Validation: the E2E passed and ran `compileRealKafka` successfully (UP-TO-DATE within the final E2E; a standalone compileRealKafka had also passed before it). `bash -n e2e/run-kafka-real-client-e2e.sh` and `git diff --check` passed after the script fix.

Source SHA-256:
src/real-kafka/java/com/nereusstream/delay/transport/KafkaClientArtifactTargetWorkerSourceSmoke.java 3974890dacedb1962180d25121c3fb164e9aa55958c5d00e41a13cdf73d28909
src/real-kafka/java/com/nereusstream/delay/transport/KafkaClientArtifactOffsetCommitResponseLossProxy.java 08852374c5b07b5c404007148c41d9c06045bc5d8f673b82d49824aaa3561cdb
build.gradle 9ccf636723bdb4a53d0317eb45621b8a7d3552cbb394b6bee665ca194354e0e8
e2e/run-kafka-real-client-e2e.sh 9e47e2864ba2d253257ba107e3b7593969eec31abb863821cb9c8e45b46c3195
e2e/docker-compose.kafka.yml b4f46655415e34f56d9084f8508a5b36e29d11ec2ada546eb5ea9552e8178904
