# D2 locked K1 network ACK-loss, live Oxia Owner loss, and sibling Shard progress

Date: 2026-10-01
Base revision: ee21001f432554c34b8e900d247581c332c85467

Locked Kafka source:
Checkout: /Users/liusinan/apps/ideaproject/nereusstream/kafka-worktrees/nereus-delay-k1
HEAD: 05849884ca81fad767fda058444d1e17c7f9cbf9
Client JAR SHA-256: 1853eceecc76db807a0c7c7897fc0eda45ad0bf15a95ae8100470ff43e5146
Disposable three-broker KRaft image ID: sha256:62f1206203535f39ab09b723d8adcc6a3bb96fd79d10859aafc4c751a58f74d0

Oxia source:
Checkout: /Users/liusinan/apps/ideaproject/nereusstream/oxia
HEAD: 37a17bef17202d5fd6e23282da5fd26d94865484
Endpoint: 127.0.0.1:16660

Command:
NEREUS_DELAY_KAFKA_WITH_OXIA=1 NEREUS_DELAY_KAFKA_TARGET_SOURCE_ACK_NETWORK_LOSS_ONLY=1 NEREUS_DELAY_KAFKA_CHECKOUT=/Users/liusinan/apps/ideaproject/nereusstream/kafka-worktrees/nereus-delay-k1 NEREUS_DELAY_KAFKA_OXIA_CHECKOUT=/Users/liusinan/apps/ideaproject/nereusstream/oxia ./e2e/run-kafka-real-client-e2e.sh

Result: exit 0. `compileRealKafka` and the locked K1 smoke passed. A TCP proxy received and withheld eight OffsetCommit Broker responses. Partition 0's real Target Worker applied its source command, returned ACK_UNKNOWN, and retained the exact pending entry. The smoke then released that Worker’s live Oxia Owner lease and retried the pending turn: it remained ACK_UNKNOWN, fenced only that source runtime, observed the lease absent, retained the obligation, and made no Store or Shard mutation. While partition 0 remained fenced with its obligation pending, partition 1's actual Target Worker applied and ACKed its source command; the Broker group offset reached 2. Partition 0 then reopened the same RocksDB Store under a replacement Owner, replayed the exact source command without another Store mutation, and confirmed offset 2.

The run used two Kafka partitions, two actual Target Workers, and separate RocksDB Store roots. It combines a network-level lost Broker ACK response, live Oxia Owner lease release/fencing, and sibling source apply/ACK in one locked K1 run. The Oxia loss was an explicit lease release through the live Oxia-backed lease store; this was not an Oxia session crash or process kill.

Evidence boundary: source assignment, grant, and command authority remain test fixtures. Both source commands are Cancel operations for absent Message IDs and return NOT_FOUND; this run does not perform a same-Target business queue mutation or Producer send. It does not establish production placement/bootstrap, Claim/Admission/Producer ownership failure, uncertain Store writes, shared-channel teardown, broader process-crash recovery, the full D2 matrix, or centralized validation. D2 remains IN_PROGRESS / PENDING_CENTRAL_VALIDATION.

Source SHA-256:
src/real-kafka/java/com/nereusstream/delay/transport/KafkaClientArtifactTargetWorkerSourceSmoke.java 344f8466975dd598f427c1fcbd713568c0b6a70f7355eb1333a8eabf78948648
e2e/run-kafka-real-client-e2e.sh b687003f094129efcb69b6b3828a259ea95bc05b7d07ba5007fc072f5bada5f4
