E3 focused source/API cleanup: obsolete catch-up overloads
Date: 2026-10-02

Source lock:
- Delay base HEAD: 963da724
- Tested `src/main/java/com/nereusstream/delay/ownership/OwnedDelayShard.java` SHA-256: c7512a835f4ed3d9524b696097abfe44135b1c1ccb6043154a041b14085ab01e

Call-site result: repository search found no callers for the deprecated package-local `markCatchingUp()` or `markCatchingUp(SourceActivationBarrier)` overloads. Both forwarded to the assignment-only monotonic replay seam. `OwnerRecoveryCoordinator` calls the authority-, assignment-, successor-, and time-bound overload. Assignment-only `markCatchingUp(SourceAssignment)` remains used by `OwnerLeaseTest` to exercise assignment-context mismatch behavior.

Change: removed only the two uncalled deprecated wrappers. No replay successor, lease transition, lifecycle state, stored data, public signature, or exception behavior in remaining overloads changed.

Command:
`./gradlew test --tests com.nereusstream.delay.ownership.OwnerLeaseTest checkstyleMain checkstyleTest --no-daemon --console=plain`

Result: `OwnerLeaseTest` 53 tests, 0 failures/errors/skips; `checkstyleTest` passed. `compileJava` and `compileTestJava` passed. The combined command exited 1 because `checkstyleMain` found two 123-character lines in untouched `PersistentLaneScheduler.java:1327` and `TargetWorkerHostRuntime.java:347`; no unrelated source was changed.

Scope: this closes one dead-wrapper cleanup only. Full E3 guard ownership, compatibility API/call graph, failure propagation, and data-backed encode/decode/hash reduction remain open; E3 is still `IN_PROGRESS / PENDING_CENTRAL_VALIDATION`.


E3 focused typed Native Prepared submission and Producer-boundary reuse
Date: 2026-10-02

Source lock:
- Delay base HEAD: a1b219d4b8ef07a267fee03bcdf8332c559ca1d6
- `PinnedPulsarNativeSubmissionAdapter.java` SHA-256: 60eac05757ccba80edd24e126f563b38acc99e9fe8a6055af2b5e8a92987aaab
- `PulsarNativePreparedRecordFactory.java` SHA-256: ded145c370713a01d36a7141c81bca41aae90f53b9d5b445d64bd75e040de99c
- `PulsarNativePreparedRecordValidator.java` SHA-256: 0f75ce2a3a1c5dc0777b0a272e2f8ba00f7255801c343dfccbd022f334f4eece
- `PulsarNativeProductionCompositionTest.java` SHA-256: c43eb7283bf6c43bdd5132e4a83ccf1327676b636eedc2200e1d615e1d8d701c

Call path: `PreparedSubmission` is immutable and its constructor validates the context-to-envelope binding. Before this change, one `submitPreparedSubmission` adapter invocation performed `NativePreparedRecordBinding.derive` in raw record construction, `materialize()` validation and Producer-boundary validation (3 calls), and ran the live policy/credential checks twice. The internal path now constructs from the typed submission and retains one strict Producer-boundary validator: 1 binding derive and 1 live policy/credential round. The initial PreparedSubmission construction check remains. Public `materialize()`, the public raw Factory entry and arbitrary-record Producer submission retain full binding validation. This is deterministic source-call-count evidence; no latency or throughput claim is made.

Regression command:
`./gradlew test --tests com.nereusstream.delay.submission.PulsarNativeProductionCompositionTest --tests com.nereusstream.delay.adapter.NativeSubmissionAdapterTest checkstyleTest --no-daemon --console=plain`

Result: `PulsarNativeProductionCompositionTest` 6 tests, `NativeSubmissionAdapterTest` 14 tests, 0 failures/errors/skips; `compileJava`, `compileTestJava`, and `checkstyleTest` passed. The new success regression observes one credential resolution, one Handoff check, and one prepared-record send. The credential-drift regression observes one authority check and zero Producer calls. `checkDocumentation` is run after the synchronized progress/doc update.

Scope: one Native Prepared path only. It does not close the four-boundary guard matrix, remaining compatibility call graph, async stale-token matrix, failure-propagation audit or other encode/decode/hash reductions; E3 remains `IN_PROGRESS / PENDING_CENTRAL_VALIDATION`. These tests use test authorities and do not claim Broker/production assembly validation.


E3 focused Target canonical frame digest reuse
Date: 2026-10-03

Source lock:
- Delay base HEAD: ce3dbacbcc40e4f9e1839d3d8c0331c7a2899fbc
- `PreparedCommand.java` SHA-256: e749d8eec13931b2ff9bf6b21beedb5dc6709ae8664bdfe748a08f34e392347b
- `TargetCommandStore.java` SHA-256: fb9308b74390cc3eb4a3349896fe301d6a471ae60ee031ac5d4b7a792efeeaa0
- `TargetCommandReplayStore.java` SHA-256: 9762f90f59c4133755a0df45087beb2e0192ed22697afb87ec86765bed703b86
- `TargetReservationRecord.java` SHA-256: 674a2e0157ed618c465b4d0c733bd7b893ebacbcf0ba652711120e76f757122a
- `TargetResultRecord.java` SHA-256: a9cf6d09509ba378360302e5736de4966f3fb52c96603a1418c37ba518a86b66
- `PreparedCommandTest.java` SHA-256: 400b9b133d6f320f6adf93fde2673035a683c2629c020ff5bbb5660be20d6cbc

Call path: Target first apply, command replay, result and reservation code had seven production calls to `Bytes.sha256(CommandCodec.encodeFrame(command))` across four runtime classes. `PreparedCommand` now lazily computes the identical SHA-256 once per command object and stores only the 32-byte digest; later checks reuse it and every public accessor returns a defensive copy. Complete encoded frames are not retained. The command encoding, durable mutation stamp, and comparisons are unchanged. This is deterministic source call-count evidence only; no latency/throughput claim is made.

Regression command:
`./gradlew test --tests com.nereusstream.delay.protocol.PreparedCommandTest --tests com.nereusstream.delay.runtime.TargetCommandStoreTest --tests com.nereusstream.delay.runtime.TargetCommandReplayStoreTest --tests com.nereusstream.delay.runtime.TargetResultRecordTest checkstyleTest --no-daemon --console=plain`

Result: `PreparedCommandTest` 4 tests, `TargetCommandStoreTest` 5 tests, `TargetCommandReplayStoreTest` 3 tests, and `TargetResultRecordTest` 15 tests; 27 tests total, 0 failures/errors/skips. `compileJava`, `compileTestJava`, and `checkstyleTest` passed. A separate `checkstyleMain` rerun after removing the now-unused `CommandCodec` imports and correcting `PulsarNativePreparedRecordFactory.java` import order found only the two unchanged 123-character lines in `PersistentLaneScheduler.java:1327` and `TargetWorkerHostRuntime.java:347`.

Scope: this reduces repeated frame encoding and hashing for repeated checks of the same `PreparedCommand`; it does not measure end-to-end performance or close E3's guard matrix, remaining compatibility call graph, async token invalidation, failure propagation, or central validation. E3 remains `IN_PROGRESS / PENDING_CENTRAL_VALIDATION`.
