To honour the JVM settings for this build a single-use Daemon process will be forked. For more on this, please refer to https://docs.gradle.org/9.4.1/userguide/gradle_daemon.html#sec:disabling_the_daemon in the Gradle documentation.
Daemon will be stopped at the end of the build
> Task :protobufDummy UP-TO-DATE
> Task :extractIncludeProto UP-TO-DATE
> Task :extractProto UP-TO-DATE
> Task :generateProto UP-TO-DATE
> Task :compileJava UP-TO-DATE
> Task :generateRunningArtifactIdentity
> Task :processProtoResources UP-TO-DATE
> Task :processResources
> Task :classes
> Task :extractIncludeTestProto UP-TO-DATE
> Task :extractTestProto UP-TO-DATE
> Task :generateTestProto NO-SOURCE
> Task :compileTestJava
> Task :processTestProtoResources UP-TO-DATE
> Task :processTestResources UP-TO-DATE
> Task :testClasses
> Task :test

> Task :checkstyleTest
[ant:checkstyle] [ERROR] /Users/liusinan/apps/ideaproject/nereusstream/nereus-delay/src/test/java/com/nereusstream/delay/runtime/TargetCommandStoreTest.java:8000: 本行字符数 121个，最多：120个。 [LineLength]

> Task :checkstyleTest FAILED
> Task :checkstyleMain

FAILURE: Build failed with an exception.

* What went wrong:
Execution failed for task ':checkstyleTest'.
> A failure occurred while executing org.gradle.api.plugins.quality.internal.CheckstyleAction
   > Checkstyle rule violations were found. See the report at: file:///Users/liusinan/apps/ideaproject/nereusstream/nereus-delay/build/reports/checkstyle/test.html
     Checkstyle files with violations: 1
     Checkstyle violations by severity: [error:1]


* Try:
> Run with --scan to get full insights from a Build Scan (powered by Develocity).

BUILD FAILED in 1m 29s
15 actionable tasks: 6 executed, 9 up-to-date
To honour the JVM settings for this build a single-use Daemon process will be forked. For more on this, please refer to https://docs.gradle.org/9.4.1/userguide/gradle_daemon.html#sec:disabling_the_daemon in the Gradle documentation.
Daemon will be stopped at the end of the build

Receipt parent: 498569024a3ad32eee5db2f242d972913abc341e. Scope: direct actual Store/Claim/UNKNOWN planner+commit with explicit commit/physical/Source/history/time/key/policy/cursor authorities; no production code or format changes.
Command: ./gradlew test --tests 'com.nereusstream.delay.runtime.TargetCommandStoreTest.modifiesActualTimelineOrClaimWithHistoryAndFirstResults' --tests 'com.nereusstream.delay.store.TargetCheckpointRootVerifierTest' checkstyleMain checkstyleTest --no-daemon --console=plain
XML {"name": "com.nereusstream.delay.runtime.TargetCommandStoreTest", "tests": "44", "skipped": "0", "failures": "0", "errors": "0", "timestamp": "2026-10-08T01:00:03.987Z", "hostname": "liusinandeMacBook-Pro.local", "time": "59.068"} sha256=48fc57ec23e91d274a3c65f17bb63645f9a00d0f8be3deaed78cf7573f5ed324
XML {"name": "com.nereusstream.delay.store.TargetCheckpointRootVerifierTest", "tests": "3", "skipped": "0", "failures": "0", "errors": "0", "timestamp": "2026-10-08T01:01:03.056Z", "hostname": "liusinandeMacBook-Pro.local", "time": "0.385"} sha256=c8471c7e005bd8555f41a1d7d5a101e315003d63d6b7867b4eb79518af7b59bb
tests=47 failures=0 errors=0 skipped=0; Checkstyle long-line correction only after semantic pass.
source_sha256 8982fe8fb5a0e3cbbbe63d4a27c746a41032f5bfedeb35328c2a6a588ef70ffe src/test/java/com/nereusstream/delay/runtime/TargetCommandStoreTest.java
> Task :protobufDummy UP-TO-DATE
> Task :extractIncludeProto UP-TO-DATE
> Task :extractProto UP-TO-DATE
> Task :generateProto UP-TO-DATE
> Task :compileJava UP-TO-DATE
> Task :generateRunningArtifactIdentity
> Task :processProtoResources UP-TO-DATE
> Task :processResources UP-TO-DATE
> Task :classes UP-TO-DATE
> Task :extractIncludeTestProto UP-TO-DATE
> Task :extractTestProto UP-TO-DATE
> Task :generateTestProto NO-SOURCE
> Task :compileTestJava
> Task :checkstyleMain UP-TO-DATE
> Task :processTestProtoResources UP-TO-DATE
> Task :processTestResources UP-TO-DATE
> Task :testClasses
> Task :checkstyleTest

BUILD SUCCESSFUL in 24s
14 actionable tasks: 3 executed, 11 up-to-date
Consider enabling configuration cache to speed up this build: https://docs.gradle.org/9.4.1/userguide/configuration_cache_enabling.html
To honour the JVM settings for this build a single-use Daemon process will be forked. For more on this, please refer to https://docs.gradle.org/9.4.1/userguide/gradle_daemon.html#sec:disabling_the_daemon in the Gradle documentation.
Daemon will be stopped at the end of the build

> Task :testNdip1ImplementationVerifier
..........
----------------------------------------------------------------------
Ran 10 tests in 49.859s

OK

> Task :testNdip1PackageVerifier
..............
----------------------------------------------------------------------
Ran 14 tests in 0.070s

OK

> Task :verifyNdip1HistoricalClosure
proposal=NDIP-1
receipt_status=IMPLEMENTED
lifecycle_authority=true
implementation=CLOSED
lifecycle=CLOSED
certified_commit=b4e077e9978f262cdb93cf3562ea12eee32430e2
runtime_source_sha256=03ce17ede4b9e70e2f70dd2bbef681087f529159549a4cd979d0d7aa34fa9948
runtime_source_files=835
implemented_package_sha256=792ca54e239d884ba6f95315747f565bab57ee0fc02338a77369cb19bbe8e8a7
staging_run=20260901055333-78920
deployment=SEPARATE_FUTURE_WORK
performance_and_scale=SEPARATE_FUTURE_WORK
production_rollout=SEPARATE_FUTURE_WORK
production_authority=false

> Task :verifyNdip1PackageAccepted
proposal=NDIP-1
receipt_status=ACCEPTED
authority=true
package_source_commit=77ffa61136c0cd401244ebea4375a5a18b097b17
file_sha256 70d9dd7c113fa5f457a20a97996322ef9a2018772efd225aa982c13ec4935140 docs/ndip/NDIP-1/01-调查与决策记录.md
file_sha256 c167ed42dd29c383c08a8a102f36b0e4deee8ae5c7a5da115a09d04ffcb9fa6f docs/ndip/NDIP-1/02-NDIP-1-Pulsar-Native-Delivery.md
file_sha256 9affafa81952959d39ed9c09a00abe6b84da4fd3b0b6280422f297684d56f727 docs/ndip/NDIP-1/03-实施计划.md
file_sha256 2a26c107cd69ee522ea138b3487b8ec206e913acc6ad5b862aa69288ddcaa88e docs/ndip/NDIP-1/04-代码级目标设计.md
package_sha256=13caab8ecdc201901f06e905f1c0bf9792780e50c6f5948f93abf2bdb8f4d21b
gate_b=PASS
implementation=AUTHORIZED
local_disposable_testing=AUTHORIZED_WITH_EXACT_ATTESTATION
gate_c=PENDING_DEPLOYMENT
shadow=BLOCKED_BY_GATE_C
enabled=BLOCKED_BY_GATE_C_AND_SHADOW_REQUIREMENTS

> Task :verifyNdip2PackageAccepted
proposal=NDIP-2
receipt_status=ACCEPTED
authority=true
file_sha256 0a105fb2b73d63cabddf42d0ba3d5a9590b4edddd47242495f196bf56d15f642 docs/ndip/NDIP-2/01-NDIP-生命周期与认证源码权威分层.md
file_sha256 c882ecaa32413cb9e177243cf3efe91b97810c3cc10be81e61e7e458030c4ffa docs/ndip/NDIP-2/02-实施计划.md
file_sha256 ec1ba68ab3ac91aa667647e6289cd252b99da84d899f42f879821d6e5d7752e9 docs/ndip/NDIP-2/03-代码级目标设计.md
package_sha256=856e1d768210a31fc9aad811af3a93c1de33189cc03c65bc1e36d57affbf10db
gate_b=PASS
implementation=AUTHORIZED
deployment_authority=false

> Task :checkDocumentation

BUILD SUCCESSFUL in 1m 4s
6 actionable tasks: 6 executed
Consider enabling configuration cache to speed up this build: https://docs.gradle.org/9.4.1/userguide/configuration_cache_enabling.html
Compile/style follow-up passed; checkDocumentation BUILD SUCCESSFUL in 1m 4s. Original failures retained; only line wrapping changed after 47-test semantic pass.
