To honour the JVM settings for this build a single-use Daemon process will be forked. For more on this, please refer to https://docs.gradle.org/9.4.1/userguide/gradle_daemon.html#sec:disabling_the_daemon in the Gradle documentation.
Daemon will be stopped at the end of the build
> Task :protobufDummy UP-TO-DATE
> Task :extractIncludeProto UP-TO-DATE
> Task :extractProto UP-TO-DATE
> Task :generateProto UP-TO-DATE
> Task :compileJava
> Task :generateRunningArtifactIdentity
> Task :processProtoResources UP-TO-DATE
> Task :processResources UP-TO-DATE
> Task :classes
> Task :extractIncludeTestProto UP-TO-DATE
> Task :extractTestProto UP-TO-DATE
> Task :generateTestProto NO-SOURCE
> Task :compileTestJava
> Task :processTestProtoResources UP-TO-DATE
> Task :processTestResources UP-TO-DATE
> Task :testClasses
> Task :test

> Task :checkstyleTest
[ant:checkstyle] [ERROR] /Users/liusinan/apps/ideaproject/nereusstream/nereus-delay/src/test/java/com/nereusstream/delay/runtime/TargetCommandStoreTest.java:7243: 本行字符数 123个，最多：120个。 [LineLength]
[ant:checkstyle] [ERROR] /Users/liusinan/apps/ideaproject/nereusstream/nereus-delay/src/test/java/com/nereusstream/delay/runtime/TargetCommandStoreTest.java:7334: 本行字符数 121个，最多：120个。 [LineLength]

> Task :checkstyleTest FAILED
> Task :checkstyleMain

FAILURE: Build failed with an exception.

* What went wrong:
Execution failed for task ':checkstyleTest'.
> A failure occurred while executing org.gradle.api.plugins.quality.internal.CheckstyleAction
   > Checkstyle rule violations were found. See the report at: file:///Users/liusinan/apps/ideaproject/nereusstream/nereus-delay/build/reports/checkstyle/test.html
     Checkstyle files with violations: 1
     Checkstyle violations by severity: [error:2]


* Try:
> Run with --scan to get full insights from a Build Scan (powered by Develocity).

BUILD FAILED in 1m 37s
15 actionable tasks: 6 executed, 9 up-to-date
To honour the JVM settings for this build a single-use Daemon process will be forked. For more on this, please refer to https://docs.gradle.org/9.4.1/userguide/gradle_daemon.html#sec:disabling_the_daemon in the Gradle documentation.
Daemon will be stopped at the end of the build
> Task :protobufDummy UP-TO-DATE
> Task :extractIncludeProto UP-TO-DATE
> Task :extractProto UP-TO-DATE
> Task :generateProto UP-TO-DATE
> Task :compileJava UP-TO-DATE
> Task :generateRunningArtifactIdentity
> Task :processProtoResources UP-TO-DATE
> Task :processResources UP-TO-DATE
> Task :classes UP-TO-DATE
> Task :extractIncludeTestProto UP-TO-DATE
> Task :extractTestProto UP-TO-DATE
> Task :generateTestProto NO-SOURCE
> Task :compileTestJava
> Task :processTestProtoResources UP-TO-DATE
> Task :processTestResources UP-TO-DATE
> Task :testClasses
> Task :test
> Task :checkstyleMain UP-TO-DATE

> Task :checkstyleTest
[ant:checkstyle] [ERROR] /Users/liusinan/apps/ideaproject/nereusstream/nereus-delay/src/test/java/com/nereusstream/delay/runtime/TargetCommandStoreTest.java:7335: 本行字符数 143个，最多：120个。 [LineLength]

> Task :checkstyleTest FAILED

FAILURE: Build failed with an exception.

* What went wrong:
Execution failed for task ':checkstyleTest'.
> A failure occurred while executing org.gradle.api.plugins.quality.internal.CheckstyleAction
   > Checkstyle rule violations were found. See the report at: file:///Users/liusinan/apps/ideaproject/nereusstream/nereus-delay/build/reports/checkstyle/test.html
     Checkstyle files with violations: 1
     Checkstyle violations by severity: [error:1]


* Try:
> Run with --scan to get full insights from a Build Scan (powered by Develocity).

BUILD FAILED in 1m 20s
15 actionable tasks: 4 executed, 11 up-to-date
To honour the JVM settings for this build a single-use Daemon process will be forked. For more on this, please refer to https://docs.gradle.org/9.4.1/userguide/gradle_daemon.html#sec:disabling_the_daemon in the Gradle documentation.
Daemon will be stopped at the end of the build
> Task :protobufDummy UP-TO-DATE
> Task :extractIncludeProto UP-TO-DATE
> Task :extractProto UP-TO-DATE
> Task :generateProto UP-TO-DATE
> Task :compileJava UP-TO-DATE
> Task :generateRunningArtifactIdentity
> Task :processProtoResources UP-TO-DATE
> Task :processResources UP-TO-DATE
> Task :classes UP-TO-DATE
> Task :checkstyleMain UP-TO-DATE
> Task :extractIncludeTestProto UP-TO-DATE
> Task :extractTestProto UP-TO-DATE
> Task :generateTestProto NO-SOURCE
> Task :compileTestJava
> Task :processTestProtoResources UP-TO-DATE
> Task :processTestResources UP-TO-DATE
> Task :testClasses

> Task :checkstyleTest
[ant:checkstyle] [ERROR] /Users/liusinan/apps/ideaproject/nereusstream/nereus-delay/src/test/java/com/nereusstream/delay/runtime/TargetCommandStoreTest.java:69:1: 导入 'com.nereusstream.delay.protocol.DestinationProfileSemantic' 顺序错误。 [ImportOrder]

> Task :checkstyleTest FAILED

FAILURE: Build failed with an exception.

* What went wrong:
Execution failed for task ':checkstyleTest'.
> A failure occurred while executing org.gradle.api.plugins.quality.internal.CheckstyleAction
   > Checkstyle rule violations were found. See the report at: file:///Users/liusinan/apps/ideaproject/nereusstream/nereus-delay/build/reports/checkstyle/test.html
     Checkstyle files with violations: 1
     Checkstyle violations by severity: [error:1]


* Try:
> Run with --scan to get full insights from a Build Scan (powered by Develocity).

BUILD FAILED in 27s
14 actionable tasks: 3 executed, 11 up-to-date
To honour the JVM settings for this build a single-use Daemon process will be forked. For more on this, please refer to https://docs.gradle.org/9.4.1/userguide/gradle_daemon.html#sec:disabling_the_daemon in the Gradle documentation.
Daemon will be stopped at the end of the build
> Task :protobufDummy UP-TO-DATE
> Task :extractIncludeProto UP-TO-DATE
> Task :extractProto UP-TO-DATE
> Task :generateProto UP-TO-DATE
> Task :compileJava UP-TO-DATE
> Task :generateRunningArtifactIdentity
> Task :processProtoResources UP-TO-DATE
> Task :processResources UP-TO-DATE
> Task :classes UP-TO-DATE
> Task :checkstyleMain UP-TO-DATE
> Task :extractIncludeTestProto UP-TO-DATE
> Task :extractTestProto UP-TO-DATE
> Task :generateTestProto NO-SOURCE
> Task :compileTestJava
> Task :processTestProtoResources UP-TO-DATE
> Task :processTestResources UP-TO-DATE
> Task :testClasses
> Task :extractIncludeRealPulsarProto UP-TO-DATE
> Task :extractRealPulsarProto UP-TO-DATE
> Task :generateRealPulsarProto NO-SOURCE
> Task :compileRealPulsar UP-TO-DATE
> Task :compileRealPulsarJava SKIPPED
> Task :processRealPulsarProtoResources UP-TO-DATE
> Task :processRealPulsarResources NO-SOURCE
> Task :realPulsarClasses UP-TO-DATE

> Task :checkstyleRealPulsar
[ant:checkstyle] [ERROR] /Users/liusinan/apps/ideaproject/nereusstream/nereus-delay/src/real-pulsar/java/com/nereusstream/delay/transport/PulsarClientArtifactTargetJournalSmoke.java:95: 本行字符数 122个，最多：120个。 [LineLength]

> Task :checkstyleRealPulsar FAILED

> Task :checkstyleTest
[ant:checkstyle] [ERROR] /Users/liusinan/apps/ideaproject/nereusstream/nereus-delay/src/test/java/com/nereusstream/delay/runtime/TargetCommandStoreTest.java:70:1: 导入 'com.nereusstream.delay.protocol.EvidenceVerificationStatus' 顺序错误。 [ImportOrder]

> Task :checkstyleTest FAILED

FAILURE: Build completed with 2 failures.

1: Task failed with an exception.
-----------
* What went wrong:
Execution failed for task ':checkstyleRealPulsar'.
> A failure occurred while executing org.gradle.api.plugins.quality.internal.CheckstyleAction
   > Checkstyle rule violations were found. See the report at: file:///Users/liusinan/apps/ideaproject/nereusstream/nereus-delay/build/reports/checkstyle/realPulsar.html
     Checkstyle files with violations: 1
     Checkstyle violations by severity: [error:1]


* Try:
> Run with --scan to get full insights from a Build Scan (powered by Develocity).
==============================================================================

2: Task failed with an exception.
-----------
* What went wrong:
Execution failed for task ':checkstyleTest'.
> A failure occurred while executing org.gradle.api.plugins.quality.internal.CheckstyleAction
   > Checkstyle rule violations were found. See the report at: file:///Users/liusinan/apps/ideaproject/nereusstream/nereus-delay/build/reports/checkstyle/test.html
     Checkstyle files with violations: 1
     Checkstyle violations by severity: [error:1]


* Try:
> Run with --scan to get full insights from a Build Scan (powered by Develocity).
==============================================================================

BUILD FAILED in 25s
19 actionable tasks: 4 executed, 15 up-to-date
To honour the JVM settings for this build a single-use Daemon process will be forked. For more on this, please refer to https://docs.gradle.org/9.4.1/userguide/gradle_daemon.html#sec:disabling_the_daemon in the Gradle documentation.
Daemon will be stopped at the end of the build
> Task :protobufDummy UP-TO-DATE
> Task :extractIncludeProto UP-TO-DATE
> Task :extractProto UP-TO-DATE
> Task :generateProto UP-TO-DATE
> Task :compileJava UP-TO-DATE
> Task :generateRunningArtifactIdentity
> Task :processProtoResources UP-TO-DATE
> Task :processResources UP-TO-DATE
> Task :classes UP-TO-DATE
> Task :checkstyleMain UP-TO-DATE
> Task :extractIncludeTestProto UP-TO-DATE
> Task :extractTestProto UP-TO-DATE
> Task :generateTestProto NO-SOURCE
> Task :compileTestJava
> Task :processTestProtoResources UP-TO-DATE
> Task :processTestResources UP-TO-DATE
> Task :testClasses
> Task :extractIncludeRealPulsarProto UP-TO-DATE
> Task :extractRealPulsarProto UP-TO-DATE
> Task :generateRealPulsarProto NO-SOURCE
> Task :compileRealPulsar UP-TO-DATE
> Task :compileRealPulsarJava SKIPPED
> Task :processRealPulsarProtoResources UP-TO-DATE
> Task :processRealPulsarResources NO-SOURCE
> Task :realPulsarClasses UP-TO-DATE

> Task :checkstyleRealPulsar
[ant:checkstyle] [ERROR] /Users/liusinan/apps/ideaproject/nereusstream/nereus-delay/src/real-pulsar/java/com/nereusstream/delay/transport/PulsarClientArtifactTargetJournalSmoke.java:95: 本行字符数 122个，最多：120个。 [LineLength]

> Task :checkstyleRealPulsar FAILED
> Task :checkstyleTest

FAILURE: Build failed with an exception.

* What went wrong:
Execution failed for task ':checkstyleRealPulsar'.
> A failure occurred while executing org.gradle.api.plugins.quality.internal.CheckstyleAction
   > Checkstyle rule violations were found. See the report at: file:///Users/liusinan/apps/ideaproject/nereusstream/nereus-delay/build/reports/checkstyle/realPulsar.html
     Checkstyle files with violations: 1
     Checkstyle violations by severity: [error:1]


* Try:
> Run with --scan to get full insights from a Build Scan (powered by Develocity).

BUILD FAILED in 25s
19 actionable tasks: 4 executed, 15 up-to-date
To honour the JVM settings for this build a single-use Daemon process will be forked. For more on this, please refer to https://docs.gradle.org/9.4.1/userguide/gradle_daemon.html#sec:disabling_the_daemon in the Gradle documentation.
Daemon will be stopped at the end of the build
> Task :protobufDummy UP-TO-DATE
> Task :extractIncludeProto UP-TO-DATE
> Task :extractProto UP-TO-DATE
> Task :generateProto UP-TO-DATE
> Task :compileJava UP-TO-DATE
> Task :generateRunningArtifactIdentity
> Task :processProtoResources UP-TO-DATE
> Task :processResources UP-TO-DATE
> Task :classes UP-TO-DATE
> Task :checkstyleMain UP-TO-DATE
> Task :extractIncludeTestProto UP-TO-DATE
> Task :extractTestProto UP-TO-DATE
> Task :generateTestProto NO-SOURCE
> Task :compileTestJava UP-TO-DATE
> Task :processTestProtoResources UP-TO-DATE
> Task :processTestResources UP-TO-DATE
> Task :testClasses UP-TO-DATE
> Task :checkstyleTest UP-TO-DATE
> Task :extractIncludeRealPulsarProto UP-TO-DATE
> Task :extractRealPulsarProto UP-TO-DATE
> Task :generateRealPulsarProto NO-SOURCE
> Task :compileRealPulsar
> Task :compileRealPulsarJava SKIPPED
> Task :processRealPulsarProtoResources UP-TO-DATE
> Task :processRealPulsarResources NO-SOURCE
> Task :realPulsarClasses UP-TO-DATE
> Task :checkstyleRealPulsar

BUILD SUCCESSFUL in 20s
19 actionable tasks: 3 executed, 16 up-to-date
Consider enabling configuration cache to speed up this build: https://docs.gradle.org/9.4.1/userguide/configuration_cache_enabling.html
To honour the JVM settings for this build a single-use Daemon process will be forked. For more on this, please refer to https://docs.gradle.org/9.4.1/userguide/gradle_daemon.html#sec:disabling_the_daemon in the Gradle documentation.
Daemon will be stopped at the end of the build

Target pre-ownership absence scope: durable retirement only; Journal appender, Broker fence/retention, Source/history/time/key/cursor authority fixtures. OWNERSHIP_STARTED retirement remains forbidden.
Commands: ./gradlew test --tests com.nereusstream.delay.runtime.TargetCommandStoreTest.modifiesActualTimelineOrClaimWithHistoryAndFirstResults --tests com.nereusstream.delay.protocol.EvidenceCursorTest --tests com.nereusstream.delay.adapter.PulsarAttemptJournalTest --tests com.nereusstream.delay.protocol.PublishOutcomeBodyTest checkstyleMain checkstyleTest --no-daemon --console=plain
Style follow-up: ./gradlew checkstyleMain checkstyleTest compileRealPulsar checkstyleRealPulsar -PpulsarClientClasspath=<locked P1 original:api:common jars> --no-daemon --console=plain
Broker command: NEREUS_DELAY_PULSAR_TARGET_JOURNAL_ONLY=1 NEREUS_DELAY_PULSAR_CHECKOUT=<pulsar-worktrees/nereus-delay-p1> NEREUS_DELAY_PULSAR_GRADLE_USER_HOME=<existing gradle home> e2e/run-pulsar-real-client-e2e.sh
source_sha256 4cf6fd01dde2cd424f1a4433cda22b28dcd2ebd9e49eeae04b5d8c7e4d733a49 src/main/java/com/nereusstream/delay/protocol/PublishEvidence.java
source_sha256 e334dbe1eb47e7118ea8ddeecafb7bd5bbd73e9dafac067ff42e0b6043c749d1 src/main/java/com/nereusstream/delay/adapter/PulsarAttemptJournal.java
source_sha256 8e47e2a3d31a2ab8294d156adea7ca3589995d5edf45ca5073a8681dbb17efb4 src/test/java/com/nereusstream/delay/runtime/TargetCommandStoreTest.java
source_sha256 99e99adf4f7824b0601765f550278b5c08235d9602335b6db53fc96ec7a1f3be src/real-pulsar/java/com/nereusstream/delay/transport/PulsarClientArtifactTargetJournalSmoke.java
XML {"name": "com.nereusstream.delay.runtime.TargetCommandStoreTest", "tests": "42", "skipped": "0", "failures": "0", "errors": "0", "timestamp": "2026-10-07T23:23:58.496Z", "hostname": "liusinandeMacBook-Pro.local", "time": "55.091"} sha256=c8c8c1a05e1621f0c6803ddb24a88c352be651f3becf19bd4f724f03db1159a1
XML {"name": "com.nereusstream.delay.adapter.PulsarAttemptJournalTest", "tests": "24", "skipped": "0", "failures": "0", "errors": "0", "timestamp": "2026-10-07T23:23:58.363Z", "hostname": "liusinandeMacBook-Pro.local", "time": "0.099"} sha256=ccbba052b6ec0556b0a45e983bf4e4fd5db8e46843cf95901deb54f33dd0b7a0
XML {"name": "com.nereusstream.delay.protocol.EvidenceCursorTest", "tests": "8", "skipped": "0", "failures": "0", "errors": "0", "timestamp": "2026-10-07T23:23:58.463Z", "hostname": "liusinandeMacBook-Pro.local", "time": "0.01"} sha256=88dcd8d52574cd8ab5c823bf0548e983052e1cda3a99846b42f96ebfcd820daf
XML {"name": "com.nereusstream.delay.protocol.PublishOutcomeBodyTest", "tests": "8", "skipped": "0", "failures": "0", "errors": "0", "timestamp": "2026-10-07T23:23:58.474Z", "hostname": "liusinandeMacBook-Pro.local", "time": "0.02"} sha256=a1108d12f3b5041d6fbfeee7beda9b5008bb32d6f3bb7ef3185fdd8ed30789f9
tests_total=82 failure=0 error=0 skipped=0; smoke line wrap/import changes only after semantic tests.
dependency_lock /Users/liusinan/apps/ideaproject/nereusstream/pulsar-worktrees/nereus-delay-p1 0a2536484cd3932801a98dc88ff112b2df88a1c7
dependency_status

> Task :testNdip1ImplementationVerifier
..........
----------------------------------------------------------------------
Ran 10 tests in 60.010s

OK

> Task :testNdip1PackageVerifier
..............
----------------------------------------------------------------------
Ran 14 tests in 0.087s

OK

> Task :verifyNdip1HistoricalClosure
proposal=NDIP-1
receipt_status=IMPLEMENTED
lifecycle_authority=true
implementation=CLOSED
lifecycle=CLOSED
certified_commit=b4e077e9978f262cdb93cf3562ea12eee32430e2
runtime_source_sha256=03ce17ede4b9e70e2f70dd2bbef681087f529159549a4cd979d0d7aa34fa9948
runtime_source_files=835
implemented_package_sha256=792ca54e239d884ba6f95315747f565bab57ee0fc02338a77369cb19bbe8e8a7
staging_run=20260901055333-78920
deployment=SEPARATE_FUTURE_WORK
performance_and_scale=SEPARATE_FUTURE_WORK
production_rollout=SEPARATE_FUTURE_WORK
production_authority=false

> Task :verifyNdip1PackageAccepted
proposal=NDIP-1
receipt_status=ACCEPTED
authority=true
package_source_commit=77ffa61136c0cd401244ebea4375a5a18b097b17
file_sha256 70d9dd7c113fa5f457a20a97996322ef9a2018772efd225aa982c13ec4935140 docs/ndip/NDIP-1/01-调查与决策记录.md
file_sha256 c167ed42dd29c383c08a8a102f36b0e4deee8ae5c7a5da115a09d04ffcb9fa6f docs/ndip/NDIP-1/02-NDIP-1-Pulsar-Native-Delivery.md
file_sha256 9affafa81952959d39ed9c09a00abe6b84da4fd3b0b6280422f297684d56f727 docs/ndip/NDIP-1/03-实施计划.md
file_sha256 2a26c107cd69ee522ea138b3487b8ec206e913acc6ad5b862aa69288ddcaa88e docs/ndip/NDIP-1/04-代码级目标设计.md
package_sha256=13caab8ecdc201901f06e905f1c0bf9792780e50c6f5948f93abf2bdb8f4d21b
gate_b=PASS
implementation=AUTHORIZED
local_disposable_testing=AUTHORIZED_WITH_EXACT_ATTESTATION
gate_c=PENDING_DEPLOYMENT
shadow=BLOCKED_BY_GATE_C
enabled=BLOCKED_BY_GATE_C_AND_SHADOW_REQUIREMENTS

> Task :verifyNdip2PackageAccepted
proposal=NDIP-2
receipt_status=ACCEPTED
authority=true
file_sha256 0a105fb2b73d63cabddf42d0ba3d5a9590b4edddd47242495f196bf56d15f642 docs/ndip/NDIP-2/01-NDIP-生命周期与认证源码权威分层.md
file_sha256 c882ecaa32413cb9e177243cf3efe91b97810c3cc10be81e61e7e458030c4ffa docs/ndip/NDIP-2/02-实施计划.md
file_sha256 ec1ba68ab3ac91aa667647e6289cd252b99da84d899f42f879821d6e5d7752e9 docs/ndip/NDIP-2/03-代码级目标设计.md
package_sha256=856e1d768210a31fc9aad811af3a93c1de33189cc03c65bc1e36d57affbf10db
gate_b=PASS
implementation=AUTHORIZED
deployment_authority=false

> Task :checkDocumentation

BUILD SUCCESSFUL in 1m 17s
6 actionable tasks: 6 executed
Consider enabling configuration cache to speed up this build: https://docs.gradle.org/9.4.1/userguide/configuration_cache_enabling.html
Documentation check completed successfully; git diff --check passed; user .gitignore excluded.
